Component: ARM Compiler 5.06 (build 20) Tool: armlink [4d35a3]

==============================================================================

Section Cross References

    startup_stm32f10x_md.o(RESET) refers to startup_stm32f10x_md.o(STACK) for __initial_sp
    startup_stm32f10x_md.o(RESET) refers to startup_stm32f10x_md.o(.text) for Reset_Handler
    startup_stm32f10x_md.o(RESET) refers to stm32f10x_it.o(.text) for NMI_Handler
    startup_stm32f10x_md.o(RESET) refers to main.o(.text) for TIM2_IRQHandler
    startup_stm32f10x_md.o(RESET) refers to usart2.o(.text) for USART2_IRQHandler
    startup_stm32f10x_md.o(.text) refers to entry.o(.ARM.Collect$$$$00000000) for __main
    main.o(.text) refers to system_stm32f10x.o(.text) for SystemInit
    main.o(.text) refers to delay.o(.text) for delay_init
    main.o(.text) refers to sys.o(.text) for NVIC_Configuration
    main.o(.text) refers to usart.o(.text) for uart_init
    main.o(.text) refers to usart2.o(.text) for uart2_init
    main.o(.text) refers to timer.o(.text) for TIM2_Int_Init
    main.o(.text) refers to robot.o(.text) for step1
    main.o(.text) refers to stm32f10x_tim.o(.text) for TIM_GetITStatus
    main.o(.text) refers to main.o(.data) for status
    timer.o(.text) refers to stm32f10x_rcc.o(.text) for RCC_APB1PeriphClockCmd
    timer.o(.text) refers to stm32f10x_tim.o(.text) for TIM_TimeBaseInit
    timer.o(.text) refers to misc.o(.text) for NVIC_Init
    timer.o(.text) refers to stm32f10x_gpio.o(.text) for GPIO_Init
    watchdog.o(.text) refers to stm32f10x_iwdg.o(.text) for IWDG_WriteAccessCmd
    robot.o(.text) refers to timer.o(.text) for Servo4
    robot.o(.text) refers to delay.o(.text) for delay_ms
    robot.o(.text) refers to robot.o(.data) for i
    stm32f10x_tim.o(.text) refers to stm32f10x_rcc.o(.text) for RCC_APB2PeriphResetCmd
    stm32f10x_gpio.o(.text) refers to stm32f10x_rcc.o(.text) for RCC_APB2PeriphResetCmd
    stm32f10x_rcc.o(.text) refers to stm32f10x_rcc.o(.data) for APBAHBPrescTable
    stm32f10x_usart.o(.text) refers to stm32f10x_rcc.o(.text) for RCC_APB2PeriphResetCmd
    delay.o(.text) refers to misc.o(.text) for SysTick_CLKSourceConfig
    delay.o(.text) refers to delay.o(.data) for fac_us
    usart.o(.text) refers to stm32f10x_usart.o(.text) for USART_SendData
    usart.o(.text) refers to stm32f10x_rcc.o(.text) for RCC_APB2PeriphClockCmd
    usart.o(.text) refers to stm32f10x_gpio.o(.text) for GPIO_Init
    usart.o(.text) refers to misc.o(.text) for NVIC_Init
    sys.o(.text) refers to misc.o(.text) for NVIC_PriorityGroupConfig
    usart2.o(.text) refers to stm32f10x_rcc.o(.text) for RCC_APB2PeriphClockCmd
    usart2.o(.text) refers to stm32f10x_gpio.o(.text) for GPIO_Init
    usart2.o(.text) refers to misc.o(.text) for NVIC_Init
    usart2.o(.text) refers to stm32f10x_usart.o(.text) for USART_Init
    usart2.o(.text) refers to main.o(.bss) for RxBuffer
    usart2.o(.text) refers to main.o(.data) for RxCount
    entry.o(.ARM.Collect$$$$00000000) refers (Special) to entry10a.o(.ARM.Collect$$$$0000000D) for __rt_final_cpp
    entry.o(.ARM.Collect$$$$00000000) refers (Special) to entry11a.o(.ARM.Collect$$$$0000000F) for __rt_final_exit
    entry.o(.ARM.Collect$$$$00000000) refers (Special) to entry7b.o(.ARM.Collect$$$$00000008) for _main_clock
    entry.o(.ARM.Collect$$$$00000000) refers (Special) to entry8b.o(.ARM.Collect$$$$0000000A) for _main_cpp_init
    entry.o(.ARM.Collect$$$$00000000) refers (Special) to entry9a.o(.ARM.Collect$$$$0000000B) for _main_init
    entry.o(.ARM.Collect$$$$00000000) refers (Special) to entry5.o(.ARM.Collect$$$$00000004) for _main_scatterload
    entry.o(.ARM.Collect$$$$00000000) refers (Special) to entry2.o(.ARM.Collect$$$$00000001) for _main_stk
    entry2.o(.ARM.Collect$$$$00000001) refers to entry2.o(.ARM.Collect$$$$00002712) for __lit__00000000
    entry2.o(.ARM.Collect$$$$00002712) refers to startup_stm32f10x_md.o(STACK) for __initial_sp
    entry2.o(__vectab_stack_and_reset_area) refers to startup_stm32f10x_md.o(STACK) for __initial_sp
    entry2.o(__vectab_stack_and_reset_area) refers to entry.o(.ARM.Collect$$$$00000000) for __main
    entry5.o(.ARM.Collect$$$$00000004) refers to init.o(.text) for __scatterload
    entry9a.o(.ARM.Collect$$$$0000000B) refers to main.o(.text) for main
    entry9b.o(.ARM.Collect$$$$0000000C) refers to main.o(.text) for main
    init.o(.text) refers to entry5.o(.ARM.Collect$$$$00000004) for __main_after_scatterload


==============================================================================

Removing Unused input sections from the image.

    Removing startup_stm32f10x_md.o(HEAP), (0 bytes).
    Removing watchdog.o(.text), (42 bytes).
    Removing stm32f10x_flash.o(.text), (1324 bytes).
    Removing stm32f10x_exti.o(.text), (320 bytes).
    Removing stm32f10x_iwdg.o(.text), (64 bytes).
    Removing core_cm3.o(.emb_text), (32 bytes).
    Removing system_stm32f10x.o(.constdata), (20 bytes).
    Removing usart.o(.bss), (64 bytes).
    Removing usart.o(.data), (5 bytes).

9 unused section(s) (total 1871 bytes) removed from the image.

==============================================================================

Image Symbol Table

    Local Symbols

    Symbol Name                              Value     Ov Type        Size  Object(Section)

    ../clib/microlib/init/entry.s            0x00000000   Number         0  entry2.o ABSOLUTE
    ../clib/microlib/init/entry.s            0x00000000   Number         0  entry5.o ABSOLUTE
    ../clib/microlib/init/entry.s            0x00000000   Number         0  entry7a.o ABSOLUTE
    ../clib/microlib/init/entry.s            0x00000000   Number         0  entry7b.o ABSOLUTE
    ../clib/microlib/init/entry.s            0x00000000   Number         0  entry8a.o ABSOLUTE
    ../clib/microlib/init/entry.s            0x00000000   Number         0  entry8b.o ABSOLUTE
    ../clib/microlib/init/entry.s            0x00000000   Number         0  entry11b.o ABSOLUTE
    ../clib/microlib/init/entry.s            0x00000000   Number         0  entry11a.o ABSOLUTE
    ../clib/microlib/init/entry.s            0x00000000   Number         0  entry9a.o ABSOLUTE
    ../clib/microlib/init/entry.s            0x00000000   Number         0  entry10b.o ABSOLUTE
    ../clib/microlib/init/entry.s            0x00000000   Number         0  entry10a.o ABSOLUTE
    ../clib/microlib/init/entry.s            0x00000000   Number         0  entry9b.o ABSOLUTE
    ../clib/microlib/init/entry.s            0x00000000   Number         0  entry.o ABSOLUTE
    ../clib/microlib/stubs.s                 0x00000000   Number         0  useno.o ABSOLUTE
    ..\CMSIS\core_cm3.c                      0x00000000   Number         0  core_cm3.o ABSOLUTE
    ..\CMSIS\startup\startup_stm32f10x_md.s  0x00000000   Number         0  startup_stm32f10x_md.o ABSOLUTE
    ..\CMSIS\system_stm32f10x.c              0x00000000   Number         0  system_stm32f10x.o ABSOLUTE
    ..\FWlib\src\misc.c                      0x00000000   Number         0  misc.o ABSOLUTE
    ..\FWlib\src\stm32f10x_exti.c            0x00000000   Number         0  stm32f10x_exti.o ABSOLUTE
    ..\FWlib\src\stm32f10x_flash.c           0x00000000   Number         0  stm32f10x_flash.o ABSOLUTE
    ..\FWlib\src\stm32f10x_gpio.c            0x00000000   Number         0  stm32f10x_gpio.o ABSOLUTE
    ..\FWlib\src\stm32f10x_iwdg.c            0x00000000   Number         0  stm32f10x_iwdg.o ABSOLUTE
    ..\FWlib\src\stm32f10x_rcc.c             0x00000000   Number         0  stm32f10x_rcc.o ABSOLUTE
    ..\FWlib\src\stm32f10x_tim.c             0x00000000   Number         0  stm32f10x_tim.o ABSOLUTE
    ..\FWlib\src\stm32f10x_usart.c           0x00000000   Number         0  stm32f10x_usart.o ABSOLUTE
    ..\SYSTEM\delay\delay.c                  0x00000000   Number         0  delay.o ABSOLUTE
    ..\SYSTEM\seek\seek.c                    0x00000000   Number         0  seek.o ABSOLUTE
    ..\SYSTEM\sys\sys.c                      0x00000000   Number         0  sys.o ABSOLUTE
    ..\SYSTEM\usart\usart.c                  0x00000000   Number         0  usart.o ABSOLUTE
    ..\SYSTEM\usart\usart2.c                 0x00000000   Number         0  usart2.o ABSOLUTE
    ..\\CMSIS\\core_cm3.c                    0x00000000   Number         0  core_cm3.o ABSOLUTE
    dc.s                                     0x00000000   Number         0  dc.o ABSOLUTE
    handlers.s                               0x00000000   Number         0  handlers.o ABSOLUTE
    init.s                                   0x00000000   Number         0  init.o ABSOLUTE
    main.c                                   0x00000000   Number         0  main.o ABSOLUTE
    robot.c                                  0x00000000   Number         0  robot.o ABSOLUTE
    stm32f10x_it.c                           0x00000000   Number         0  stm32f10x_it.o ABSOLUTE
    timer.c                                  0x00000000   Number         0  timer.o ABSOLUTE
    watchdog.c                               0x00000000   Number         0  watchdog.o ABSOLUTE
    RESET                                    0x08000000   Section      236  startup_stm32f10x_md.o(RESET)
    .ARM.Collect$$$$00000000                 0x080000ec   Section        0  entry.o(.ARM.Collect$$$$00000000)
    .ARM.Collect$$$$00000001                 0x080000ec   Section        4  entry2.o(.ARM.Collect$$$$00000001)
    .ARM.Collect$$$$00000004                 0x080000f0   Section        4  entry5.o(.ARM.Collect$$$$00000004)
    .ARM.Collect$$$$00000008                 0x080000f4   Section        0  entry7b.o(.ARM.Collect$$$$00000008)
    .ARM.Collect$$$$0000000A                 0x080000f4   Section        0  entry8b.o(.ARM.Collect$$$$0000000A)
    .ARM.Collect$$$$0000000B                 0x080000f4   Section        8  entry9a.o(.ARM.Collect$$$$0000000B)
    .ARM.Collect$$$$0000000D                 0x080000fc   Section        0  entry10a.o(.ARM.Collect$$$$0000000D)
    .ARM.Collect$$$$0000000F                 0x080000fc   Section        0  entry11a.o(.ARM.Collect$$$$0000000F)
    .ARM.Collect$$$$00002712                 0x080000fc   Section        4  entry2.o(.ARM.Collect$$$$00002712)
    __lit__00000000                          0x080000fc   Data           4  entry2.o(.ARM.Collect$$$$00002712)
    .text                                    0x08000100   Section       28  startup_stm32f10x_md.o(.text)
    .text                                    0x0800011c   Section        0  main.o(.text)
    .text                                    0x080001ec   Section        0  stm32f10x_it.o(.text)
    .text                                    0x08000208   Section        0  timer.o(.text)
    .text                                    0x080003a0   Section        0  robot.o(.text)
    .text                                    0x080005ec   Section        0  misc.o(.text)
    .text                                    0x080006c8   Section        0  stm32f10x_tim.o(.text)
    TI4_Config                               0x080009e7   Thumb Code    82  stm32f10x_tim.o(.text)
    TI3_Config                               0x08000a4b   Thumb Code    72  stm32f10x_tim.o(.text)
    TI2_Config                               0x08000abd   Thumb Code    80  stm32f10x_tim.o(.text)
    TI1_Config                               0x08000b1f   Thumb Code    56  stm32f10x_tim.o(.text)
    .text                                    0x08001290   Section        0  stm32f10x_gpio.o(.text)
    .text                                    0x080015c0   Section        0  stm32f10x_rcc.o(.text)
    .text                                    0x08001960   Section        0  stm32f10x_usart.o(.text)
    .text                                    0x08001cd0   Section        0  system_stm32f10x.o(.text)
    SetSysClockTo72                          0x08001cd1   Thumb Code   220  system_stm32f10x.o(.text)
    SetSysClock                              0x08001dad   Thumb Code     8  system_stm32f10x.o(.text)
    .text                                    0x08001e08   Section        0  delay.o(.text)
    .text                                    0x08001eb4   Section        0  usart.o(.text)
    .text                                    0x08001f78   Section        0  sys.o(.text)
    .text                                    0x08001f84   Section        0  usart2.o(.text)
    .text                                    0x08002134   Section       36  init.o(.text)
    i.__scatterload_copy                     0x08002158   Section       14  handlers.o(i.__scatterload_copy)
    i.__scatterload_null                     0x08002166   Section        2  handlers.o(i.__scatterload_null)
    i.__scatterload_zeroinit                 0x08002168   Section       14  handlers.o(i.__scatterload_zeroinit)
    .data                                    0x20000000   Section        6  main.o(.data)
    .data                                    0x20000006   Section        1  robot.o(.data)
    .data                                    0x20000007   Section       20  stm32f10x_rcc.o(.data)
    APBAHBPrescTable                         0x20000007   Data          16  stm32f10x_rcc.o(.data)
    ADCPrescTable                            0x20000017   Data           4  stm32f10x_rcc.o(.data)
    .data                                    0x2000001c   Section        4  delay.o(.data)
    fac_us                                   0x2000001c   Data           1  delay.o(.data)
    fac_ms                                   0x2000001e   Data           2  delay.o(.data)
    .bss                                     0x20000020   Section       15  main.o(.bss)
    STACK                                    0x20000030   Section      512  startup_stm32f10x_md.o(STACK)

    Global Symbols

    Symbol Name                              Value     Ov Type        Size  Object(Section)

    BuildAttributes$$THM_ISAv4$P$D$K$B$S$PE$A:L22UL41UL21$X:L11$S22US41US21$IEEE1$IW$USESV6$~STKCKD$USESV7$~SHL$OSPACE$EBA8$MICROLIB$REQ8$PRES8$EABIv2 0x00000000   Number         0  anon$$obj.o ABSOLUTE
    __ARM_use_no_argv                        0x00000000   Number         0  main.o ABSOLUTE
    __use_no_errno                           0x00000000   Number         0  useno.o ABSOLUTE
    __use_no_exception_handling              0x00000000   Number         0  useno.o ABSOLUTE
    __use_no_fp                              0x00000000   Number         0  useno.o ABSOLUTE
    __use_no_heap                            0x00000000   Number         0  useno.o ABSOLUTE
    __use_no_heap_region                     0x00000000   Number         0  useno.o ABSOLUTE
    __use_no_semihosting                     0x00000000   Number         0  useno.o ABSOLUTE
    __use_no_semihosting_swi                 0x00000000   Number         0  useno.o ABSOLUTE
    __use_no_signal_handling                 0x00000000   Number         0  useno.o ABSOLUTE
    __cpp_initialize__aeabi_                  - Undefined Weak Reference
    __cxa_finalize                            - Undefined Weak Reference
    __decompress                              - Undefined Weak Reference
    _clock_init                               - Undefined Weak Reference
    _microlib_exit                            - Undefined Weak Reference
    __Vectors_Size                           0x000000ec   Number         0  startup_stm32f10x_md.o ABSOLUTE
    __Vectors                                0x08000000   Data           4  startup_stm32f10x_md.o(RESET)
    __Vectors_End                            0x080000ec   Data           0  startup_stm32f10x_md.o(RESET)
    __main                                   0x080000ed   Thumb Code     0  entry.o(.ARM.Collect$$$$00000000)
    _main_stk                                0x080000ed   Thumb Code     0  entry2.o(.ARM.Collect$$$$00000001)
    _main_scatterload                        0x080000f1   Thumb Code     0  entry5.o(.ARM.Collect$$$$00000004)
    __main_after_scatterload                 0x080000f5   Thumb Code     0  entry5.o(.ARM.Collect$$$$00000004)
    _main_clock                              0x080000f5   Thumb Code     0  entry7b.o(.ARM.Collect$$$$00000008)
    _main_cpp_init                           0x080000f5   Thumb Code     0  entry8b.o(.ARM.Collect$$$$0000000A)
    _main_init                               0x080000f5   Thumb Code     0  entry9a.o(.ARM.Collect$$$$0000000B)
    __rt_final_cpp                           0x080000fd   Thumb Code     0  entry10a.o(.ARM.Collect$$$$0000000D)
    __rt_final_exit                          0x080000fd   Thumb Code     0  entry11a.o(.ARM.Collect$$$$0000000F)
    Reset_Handler                            0x08000101   Thumb Code     4  startup_stm32f10x_md.o(.text)
    ADC1_2_IRQHandler                        0x08000117   Thumb Code     0  startup_stm32f10x_md.o(.text)
    CAN1_RX1_IRQHandler                      0x08000117   Thumb Code     0  startup_stm32f10x_md.o(.text)
    CAN1_SCE_IRQHandler                      0x08000117   Thumb Code     0  startup_stm32f10x_md.o(.text)
    DMA1_Channel1_IRQHandler                 0x08000117   Thumb Code     0  startup_stm32f10x_md.o(.text)
    DMA1_Channel2_IRQHandler                 0x08000117   Thumb Code     0  startup_stm32f10x_md.o(.text)
    DMA1_Channel3_IRQHandler                 0x08000117   Thumb Code     0  startup_stm32f10x_md.o(.text)
    DMA1_Channel4_IRQHandler                 0x08000117   Thumb Code     0  startup_stm32f10x_md.o(.text)
    DMA1_Channel5_IRQHandler                 0x08000117   Thumb Code     0  startup_stm32f10x_md.o(.text)
    DMA1_Channel6_IRQHandler                 0x08000117   Thumb Code     0  startup_stm32f10x_md.o(.text)
    DMA1_Channel7_IRQHandler                 0x08000117   Thumb Code     0  startup_stm32f10x_md.o(.text)
    EXTI0_IRQHandler                         0x08000117   Thumb Code     0  startup_stm32f10x_md.o(.text)
    EXTI15_10_IRQHandler                     0x08000117   Thumb Code     0  startup_stm32f10x_md.o(.text)
    EXTI1_IRQHandler                         0x08000117   Thumb Code     0  startup_stm32f10x_md.o(.text)
    EXTI2_IRQHandler                         0x08000117   Thumb Code     0  startup_stm32f10x_md.o(.text)
    EXTI3_IRQHandler                         0x08000117   Thumb Code     0  startup_stm32f10x_md.o(.text)
    EXTI4_IRQHandler                         0x08000117   Thumb Code     0  startup_stm32f10x_md.o(.text)
    EXTI9_5_IRQHandler                       0x08000117   Thumb Code     0  startup_stm32f10x_md.o(.text)
    FLASH_IRQHandler                         0x08000117   Thumb Code     0  startup_stm32f10x_md.o(.text)
    I2C1_ER_IRQHandler                       0x08000117   Thumb Code     0  startup_stm32f10x_md.o(.text)
    I2C1_EV_IRQHandler                       0x08000117   Thumb Code     0  startup_stm32f10x_md.o(.text)
    I2C2_ER_IRQHandler                       0x08000117   Thumb Code     0  startup_stm32f10x_md.o(.text)
    I2C2_EV_IRQHandler                       0x08000117   Thumb Code     0  startup_stm32f10x_md.o(.text)
    PVD_IRQHandler                           0x08000117   Thumb Code     0  startup_stm32f10x_md.o(.text)
    RCC_IRQHandler                           0x08000117   Thumb Code     0  startup_stm32f10x_md.o(.text)
    RTCAlarm_IRQHandler                      0x08000117   Thumb Code     0  startup_stm32f10x_md.o(.text)
    RTC_IRQHandler                           0x08000117   Thumb Code     0  startup_stm32f10x_md.o(.text)
    SPI1_IRQHandler                          0x08000117   Thumb Code     0  startup_stm32f10x_md.o(.text)
    SPI2_IRQHandler                          0x08000117   Thumb Code     0  startup_stm32f10x_md.o(.text)
    TAMPER_IRQHandler                        0x08000117   Thumb Code     0  startup_stm32f10x_md.o(.text)
    TIM1_BRK_IRQHandler                      0x08000117   Thumb Code     0  startup_stm32f10x_md.o(.text)
    TIM1_CC_IRQHandler                       0x08000117   Thumb Code     0  startup_stm32f10x_md.o(.text)
    TIM1_TRG_COM_IRQHandler                  0x08000117   Thumb Code     0  startup_stm32f10x_md.o(.text)
    TIM1_UP_IRQHandler                       0x08000117   Thumb Code     0  startup_stm32f10x_md.o(.text)
    TIM3_IRQHandler                          0x08000117   Thumb Code     0  startup_stm32f10x_md.o(.text)
    TIM4_IRQHandler                          0x08000117   Thumb Code     0  startup_stm32f10x_md.o(.text)
    USART1_IRQHandler                        0x08000117   Thumb Code     0  startup_stm32f10x_md.o(.text)
    USART3_IRQHandler                        0x08000117   Thumb Code     0  startup_stm32f10x_md.o(.text)
    USBWakeUp_IRQHandler                     0x08000117   Thumb Code     0  startup_stm32f10x_md.o(.text)
    USB_HP_CAN1_TX_IRQHandler                0x08000117   Thumb Code     0  startup_stm32f10x_md.o(.text)
    USB_LP_CAN1_RX0_IRQHandler               0x08000117   Thumb Code     0  startup_stm32f10x_md.o(.text)
    WWDG_IRQHandler                          0x08000117   Thumb Code     0  startup_stm32f10x_md.o(.text)
    main                                     0x0800011d   Thumb Code    98  main.o(.text)
    TIM2_IRQHandler                          0x0800017f   Thumb Code    88  main.o(.text)
    NMI_Handler                              0x080001ed   Thumb Code     2  stm32f10x_it.o(.text)
    HardFault_Handler                        0x080001ef   Thumb Code     4  stm32f10x_it.o(.text)
    MemManage_Handler                        0x080001f3   Thumb Code     4  stm32f10x_it.o(.text)
    BusFault_Handler                         0x080001f7   Thumb Code     4  stm32f10x_it.o(.text)
    UsageFault_Handler                       0x080001fb   Thumb Code     4  stm32f10x_it.o(.text)
    SVC_Handler                              0x080001ff   Thumb Code     2  stm32f10x_it.o(.text)
    DebugMon_Handler                         0x08000201   Thumb Code     2  stm32f10x_it.o(.text)
    PendSV_Handler                           0x08000203   Thumb Code     2  stm32f10x_it.o(.text)
    SysTick_Handler                          0x08000205   Thumb Code     2  stm32f10x_it.o(.text)
    TIM2_Int_Init                            0x08000209   Thumb Code    92  timer.o(.text)
    TIM3_PWM_Init                            0x08000265   Thumb Code   246  timer.o(.text)
    Servo1                                   0x0800035b   Thumb Code    14  timer.o(.text)
    Servo2                                   0x08000369   Thumb Code    14  timer.o(.text)
    Servo3                                   0x08000377   Thumb Code    14  timer.o(.text)
    Servo4                                   0x08000385   Thumb Code    14  timer.o(.text)
    step1                                    0x080003a1   Thumb Code   292  robot.o(.text)
    step2                                    0x080004c5   Thumb Code   292  robot.o(.text)
    NVIC_PriorityGroupConfig                 0x080005ed   Thumb Code    10  misc.o(.text)
    NVIC_Init                                0x080005f7   Thumb Code   100  misc.o(.text)
    NVIC_SetVectorTable                      0x0800065b   Thumb Code    14  misc.o(.text)
    NVIC_SystemLPConfig                      0x08000669   Thumb Code    34  misc.o(.text)
    SysTick_CLKSourceConfig                  0x0800068b   Thumb Code    40  misc.o(.text)
    TIM_DeInit                               0x080006c9   Thumb Code   214  stm32f10x_tim.o(.text)
    TIM_TimeBaseInit                         0x0800079f   Thumb Code    50  stm32f10x_tim.o(.text)
    TIM_OC1Init                              0x080007d1   Thumb Code   110  stm32f10x_tim.o(.text)
    TIM_OC2Init                              0x0800083f   Thumb Code   148  stm32f10x_tim.o(.text)
    TIM_OC3Init                              0x080008d3   Thumb Code   144  stm32f10x_tim.o(.text)
    TIM_OC4Init                              0x08000963   Thumb Code   106  stm32f10x_tim.o(.text)
    TIM_SetIC4Prescaler                      0x080009cd   Thumb Code    26  stm32f10x_tim.o(.text)
    TIM_SetIC3Prescaler                      0x08000a39   Thumb Code    18  stm32f10x_tim.o(.text)
    TIM_SetIC2Prescaler                      0x08000a93   Thumb Code    42  stm32f10x_tim.o(.text)
    TIM_SetIC1Prescaler                      0x08000b0d   Thumb Code    18  stm32f10x_tim.o(.text)
    TIM_ICInit                               0x08000b57   Thumb Code   110  stm32f10x_tim.o(.text)
    TIM_PWMIConfig                           0x08000bc5   Thumb Code   124  stm32f10x_tim.o(.text)
    TIM_BDTRConfig                           0x08000c41   Thumb Code    32  stm32f10x_tim.o(.text)
    TIM_TimeBaseStructInit                   0x08000c61   Thumb Code    18  stm32f10x_tim.o(.text)
    TIM_OCStructInit                         0x08000c73   Thumb Code    20  stm32f10x_tim.o(.text)
    TIM_ICStructInit                         0x08000c87   Thumb Code    18  stm32f10x_tim.o(.text)
    TIM_BDTRStructInit                       0x08000c99   Thumb Code    18  stm32f10x_tim.o(.text)
    TIM_Cmd                                  0x08000cab   Thumb Code    24  stm32f10x_tim.o(.text)
    TIM_CtrlPWMOutputs                       0x08000cc3   Thumb Code    30  stm32f10x_tim.o(.text)
    TIM_ITConfig                             0x08000ce1   Thumb Code    18  stm32f10x_tim.o(.text)
    TIM_GenerateEvent                        0x08000cf3   Thumb Code     4  stm32f10x_tim.o(.text)
    TIM_DMAConfig                            0x08000cf7   Thumb Code    10  stm32f10x_tim.o(.text)
    TIM_DMACmd                               0x08000d01   Thumb Code    18  stm32f10x_tim.o(.text)
    TIM_InternalClockConfig                  0x08000d13   Thumb Code    12  stm32f10x_tim.o(.text)
    TIM_SelectInputTrigger                   0x08000d1f   Thumb Code    18  stm32f10x_tim.o(.text)
    TIM_ITRxExternalClockConfig              0x08000d31   Thumb Code    24  stm32f10x_tim.o(.text)
    TIM_TIxExternalClockConfig               0x08000d49   Thumb Code    62  stm32f10x_tim.o(.text)
    TIM_ETRConfig                            0x08000d87   Thumb Code    30  stm32f10x_tim.o(.text)
    TIM_ETRClockMode1Config                  0x08000da5   Thumb Code    54  stm32f10x_tim.o(.text)
    TIM_ETRClockMode2Config                  0x08000ddb   Thumb Code    32  stm32f10x_tim.o(.text)
    TIM_PrescalerConfig                      0x08000dfb   Thumb Code     6  stm32f10x_tim.o(.text)
    TIM_CounterModeConfig                    0x08000e01   Thumb Code    18  stm32f10x_tim.o(.text)
    TIM_EncoderInterfaceConfig               0x08000e13   Thumb Code    66  stm32f10x_tim.o(.text)
    TIM_ForcedOC1Config                      0x08000e55   Thumb Code    18  stm32f10x_tim.o(.text)
    TIM_ForcedOC2Config                      0x08000e67   Thumb Code    26  stm32f10x_tim.o(.text)
    TIM_ForcedOC3Config                      0x08000e81   Thumb Code    18  stm32f10x_tim.o(.text)
    TIM_ForcedOC4Config                      0x08000e93   Thumb Code    26  stm32f10x_tim.o(.text)
    TIM_ARRPreloadConfig                     0x08000ead   Thumb Code    24  stm32f10x_tim.o(.text)
    TIM_SelectCOM                            0x08000ec5   Thumb Code    24  stm32f10x_tim.o(.text)
    TIM_SelectCCDMA                          0x08000edd   Thumb Code    24  stm32f10x_tim.o(.text)
    TIM_CCPreloadControl                     0x08000ef5   Thumb Code    24  stm32f10x_tim.o(.text)
    TIM_OC1PreloadConfig                     0x08000f0d   Thumb Code    18  stm32f10x_tim.o(.text)
    TIM_OC2PreloadConfig                     0x08000f1f   Thumb Code    26  stm32f10x_tim.o(.text)
    TIM_OC3PreloadConfig                     0x08000f39   Thumb Code    18  stm32f10x_tim.o(.text)
    TIM_OC4PreloadConfig                     0x08000f4b   Thumb Code    26  stm32f10x_tim.o(.text)
    TIM_OC1FastConfig                        0x08000f65   Thumb Code    18  stm32f10x_tim.o(.text)
    TIM_OC2FastConfig                        0x08000f77   Thumb Code    26  stm32f10x_tim.o(.text)
    TIM_OC3FastConfig                        0x08000f91   Thumb Code    18  stm32f10x_tim.o(.text)
    TIM_OC4FastConfig                        0x08000fa3   Thumb Code    26  stm32f10x_tim.o(.text)
    TIM_ClearOC1Ref                          0x08000fbd   Thumb Code    18  stm32f10x_tim.o(.text)
    TIM_ClearOC2Ref                          0x08000fcf   Thumb Code    24  stm32f10x_tim.o(.text)
    TIM_ClearOC3Ref                          0x08000fe7   Thumb Code    18  stm32f10x_tim.o(.text)
    TIM_ClearOC4Ref                          0x08000ff9   Thumb Code    24  stm32f10x_tim.o(.text)
    TIM_OC1PolarityConfig                    0x08001011   Thumb Code    18  stm32f10x_tim.o(.text)
    TIM_OC1NPolarityConfig                   0x08001023   Thumb Code    18  stm32f10x_tim.o(.text)
    TIM_OC2PolarityConfig                    0x08001035   Thumb Code    26  stm32f10x_tim.o(.text)
    TIM_OC2NPolarityConfig                   0x0800104f   Thumb Code    26  stm32f10x_tim.o(.text)
    TIM_OC3PolarityConfig                    0x08001069   Thumb Code    26  stm32f10x_tim.o(.text)
    TIM_OC3NPolarityConfig                   0x08001083   Thumb Code    26  stm32f10x_tim.o(.text)
    TIM_OC4PolarityConfig                    0x0800109d   Thumb Code    26  stm32f10x_tim.o(.text)
    TIM_CCxCmd                               0x080010b7   Thumb Code    26  stm32f10x_tim.o(.text)
    TIM_CCxNCmd                              0x080010d1   Thumb Code    26  stm32f10x_tim.o(.text)
    TIM_SelectOCxM                           0x080010eb   Thumb Code   134  stm32f10x_tim.o(.text)
    TIM_UpdateDisableConfig                  0x08001171   Thumb Code    24  stm32f10x_tim.o(.text)
    TIM_UpdateRequestConfig                  0x08001189   Thumb Code    24  stm32f10x_tim.o(.text)
    TIM_SelectHallSensor                     0x080011a1   Thumb Code    24  stm32f10x_tim.o(.text)
    TIM_SelectOnePulseMode                   0x080011b9   Thumb Code    18  stm32f10x_tim.o(.text)
    TIM_SelectOutputTrigger                  0x080011cb   Thumb Code    18  stm32f10x_tim.o(.text)
    TIM_SelectSlaveMode                      0x080011dd   Thumb Code    18  stm32f10x_tim.o(.text)
    TIM_SelectMasterSlaveMode                0x080011ef   Thumb Code    18  stm32f10x_tim.o(.text)
    TIM_SetCounter                           0x08001201   Thumb Code     4  stm32f10x_tim.o(.text)
    TIM_SetAutoreload                        0x08001205   Thumb Code     4  stm32f10x_tim.o(.text)
    TIM_SetCompare1                          0x08001209   Thumb Code     4  stm32f10x_tim.o(.text)
    TIM_SetCompare2                          0x0800120d   Thumb Code     4  stm32f10x_tim.o(.text)
    TIM_SetCompare3                          0x08001211   Thumb Code     4  stm32f10x_tim.o(.text)
    TIM_SetCompare4                          0x08001215   Thumb Code     6  stm32f10x_tim.o(.text)
    TIM_SetClockDivision                     0x0800121b   Thumb Code    14  stm32f10x_tim.o(.text)
    TIM_GetCapture1                          0x08001229   Thumb Code     6  stm32f10x_tim.o(.text)
    TIM_GetCapture2                          0x0800122f   Thumb Code     6  stm32f10x_tim.o(.text)
    TIM_GetCapture3                          0x08001235   Thumb Code     6  stm32f10x_tim.o(.text)
    TIM_GetCapture4                          0x0800123b   Thumb Code     8  stm32f10x_tim.o(.text)
    TIM_GetCounter                           0x08001243   Thumb Code     6  stm32f10x_tim.o(.text)
    TIM_GetPrescaler                         0x08001249   Thumb Code     6  stm32f10x_tim.o(.text)
    TIM_GetFlagStatus                        0x0800124f   Thumb Code    18  stm32f10x_tim.o(.text)
    TIM_ClearFlag                            0x08001261   Thumb Code     6  stm32f10x_tim.o(.text)
    TIM_GetITStatus                          0x08001267   Thumb Code    34  stm32f10x_tim.o(.text)
    TIM_ClearITPendingBit                    0x08001289   Thumb Code     6  stm32f10x_tim.o(.text)
    GPIO_DeInit                              0x08001291   Thumb Code   188  stm32f10x_gpio.o(.text)
    GPIO_AFIODeInit                          0x0800134d   Thumb Code    20  stm32f10x_gpio.o(.text)
    GPIO_Init                                0x08001361   Thumb Code   278  stm32f10x_gpio.o(.text)
    GPIO_StructInit                          0x08001477   Thumb Code    16  stm32f10x_gpio.o(.text)
    GPIO_ReadInputDataBit                    0x08001487   Thumb Code    18  stm32f10x_gpio.o(.text)
    GPIO_ReadInputData                       0x08001499   Thumb Code     8  stm32f10x_gpio.o(.text)
    GPIO_ReadOutputDataBit                   0x080014a1   Thumb Code    18  stm32f10x_gpio.o(.text)
    GPIO_ReadOutputData                      0x080014b3   Thumb Code     8  stm32f10x_gpio.o(.text)
    GPIO_SetBits                             0x080014bb   Thumb Code     4  stm32f10x_gpio.o(.text)
    GPIO_ResetBits                           0x080014bf   Thumb Code     4  stm32f10x_gpio.o(.text)
    GPIO_WriteBit                            0x080014c3   Thumb Code    10  stm32f10x_gpio.o(.text)
    GPIO_Write                               0x080014cd   Thumb Code     4  stm32f10x_gpio.o(.text)
    GPIO_PinLockConfig                       0x080014d1   Thumb Code    18  stm32f10x_gpio.o(.text)
    GPIO_EventOutputConfig                   0x080014e3   Thumb Code    26  stm32f10x_gpio.o(.text)
    GPIO_EventOutputCmd                      0x080014fd   Thumb Code     6  stm32f10x_gpio.o(.text)
    GPIO_PinRemapConfig                      0x08001503   Thumb Code   106  stm32f10x_gpio.o(.text)
    GPIO_EXTILineConfig                      0x0800156d   Thumb Code    66  stm32f10x_gpio.o(.text)
    RCC_DeInit                               0x080015c1   Thumb Code    62  stm32f10x_rcc.o(.text)
    RCC_HSEConfig                            0x080015ff   Thumb Code    70  stm32f10x_rcc.o(.text)
    RCC_GetFlagStatus                        0x08001645   Thumb Code    56  stm32f10x_rcc.o(.text)
    RCC_WaitForHSEStartUp                    0x0800167d   Thumb Code    54  stm32f10x_rcc.o(.text)
    RCC_AdjustHSICalibrationValue            0x080016b3   Thumb Code    20  stm32f10x_rcc.o(.text)
    RCC_HSICmd                               0x080016c7   Thumb Code     6  stm32f10x_rcc.o(.text)
    RCC_PLLConfig                            0x080016cd   Thumb Code    24  stm32f10x_rcc.o(.text)
    RCC_PLLCmd                               0x080016e5   Thumb Code     6  stm32f10x_rcc.o(.text)
    RCC_SYSCLKConfig                         0x080016eb   Thumb Code    18  stm32f10x_rcc.o(.text)
    RCC_GetSYSCLKSource                      0x080016fd   Thumb Code    10  stm32f10x_rcc.o(.text)
    RCC_HCLKConfig                           0x08001707   Thumb Code    18  stm32f10x_rcc.o(.text)
    RCC_PCLK1Config                          0x08001719   Thumb Code    18  stm32f10x_rcc.o(.text)
    RCC_PCLK2Config                          0x0800172b   Thumb Code    20  stm32f10x_rcc.o(.text)
    RCC_ITConfig                             0x0800173f   Thumb Code    26  stm32f10x_rcc.o(.text)
    RCC_USBCLKConfig                         0x08001759   Thumb Code     8  stm32f10x_rcc.o(.text)
    RCC_ADCCLKConfig                         0x08001761   Thumb Code    18  stm32f10x_rcc.o(.text)
    RCC_LSEConfig                            0x08001773   Thumb Code    50  stm32f10x_rcc.o(.text)
    RCC_LSICmd                               0x080017a5   Thumb Code     6  stm32f10x_rcc.o(.text)
    RCC_RTCCLKConfig                         0x080017ab   Thumb Code    12  stm32f10x_rcc.o(.text)
    RCC_RTCCLKCmd                            0x080017b7   Thumb Code     8  stm32f10x_rcc.o(.text)
    RCC_GetClocksFreq                        0x080017bf   Thumb Code   192  stm32f10x_rcc.o(.text)
    RCC_AHBPeriphClockCmd                    0x0800187f   Thumb Code    26  stm32f10x_rcc.o(.text)
    RCC_APB2PeriphClockCmd                   0x08001899   Thumb Code    26  stm32f10x_rcc.o(.text)
    RCC_APB1PeriphClockCmd                   0x080018b3   Thumb Code    26  stm32f10x_rcc.o(.text)
    RCC_APB2PeriphResetCmd                   0x080018cd   Thumb Code    26  stm32f10x_rcc.o(.text)
    RCC_APB1PeriphResetCmd                   0x080018e7   Thumb Code    26  stm32f10x_rcc.o(.text)
    RCC_BackupResetCmd                       0x08001901   Thumb Code     8  stm32f10x_rcc.o(.text)
    RCC_ClockSecuritySystemCmd               0x08001909   Thumb Code     6  stm32f10x_rcc.o(.text)
    RCC_MCOConfig                            0x0800190f   Thumb Code     6  stm32f10x_rcc.o(.text)
    RCC_ClearFlag                            0x08001915   Thumb Code    14  stm32f10x_rcc.o(.text)
    RCC_GetITStatus                          0x08001923   Thumb Code    20  stm32f10x_rcc.o(.text)
    RCC_ClearITPendingBit                    0x08001937   Thumb Code     6  stm32f10x_rcc.o(.text)
    USART_DeInit                             0x08001961   Thumb Code   146  stm32f10x_usart.o(.text)
    USART_Init                               0x080019f3   Thumb Code   150  stm32f10x_usart.o(.text)
    USART_StructInit                         0x08001a89   Thumb Code    24  stm32f10x_usart.o(.text)
    USART_ClockInit                          0x08001aa1   Thumb Code    34  stm32f10x_usart.o(.text)
    USART_ClockStructInit                    0x08001ac3   Thumb Code    12  stm32f10x_usart.o(.text)
    USART_Cmd                                0x08001acf   Thumb Code    24  stm32f10x_usart.o(.text)
    USART_ITConfig                           0x08001ae7   Thumb Code    64  stm32f10x_usart.o(.text)
    USART_DMACmd                             0x08001b27   Thumb Code    18  stm32f10x_usart.o(.text)
    USART_SetAddress                         0x08001b39   Thumb Code    18  stm32f10x_usart.o(.text)
    USART_WakeUpConfig                       0x08001b4b   Thumb Code    18  stm32f10x_usart.o(.text)
    USART_ReceiverWakeUpCmd                  0x08001b5d   Thumb Code    24  stm32f10x_usart.o(.text)
    USART_LINBreakDetectLengthConfig         0x08001b75   Thumb Code    18  stm32f10x_usart.o(.text)
    USART_LINCmd                             0x08001b87   Thumb Code    24  stm32f10x_usart.o(.text)
    USART_SendData                           0x08001b9f   Thumb Code     8  stm32f10x_usart.o(.text)
    USART_ReceiveData                        0x08001ba7   Thumb Code    10  stm32f10x_usart.o(.text)
    USART_SendBreak                          0x08001bb1   Thumb Code    10  stm32f10x_usart.o(.text)
    USART_SetGuardTime                       0x08001bbb   Thumb Code    16  stm32f10x_usart.o(.text)
    USART_SetPrescaler                       0x08001bcb   Thumb Code    16  stm32f10x_usart.o(.text)
    USART_SmartCardCmd                       0x08001bdb   Thumb Code    24  stm32f10x_usart.o(.text)
    USART_SmartCardNACKCmd                   0x08001bf3   Thumb Code    24  stm32f10x_usart.o(.text)
    USART_HalfDuplexCmd                      0x08001c0b   Thumb Code    24  stm32f10x_usart.o(.text)
    USART_IrDAConfig                         0x08001c23   Thumb Code    18  stm32f10x_usart.o(.text)
    USART_IrDACmd                            0x08001c35   Thumb Code    24  stm32f10x_usart.o(.text)
    USART_GetFlagStatus                      0x08001c4d   Thumb Code    18  stm32f10x_usart.o(.text)
    USART_ClearFlag                          0x08001c5f   Thumb Code     6  stm32f10x_usart.o(.text)
    USART_GetITStatus                        0x08001c65   Thumb Code    76  stm32f10x_usart.o(.text)
    USART_ClearITPendingBit                  0x08001cb1   Thumb Code    20  stm32f10x_usart.o(.text)
    SystemInit                               0x08001db5   Thumb Code    68  system_stm32f10x.o(.text)
    delay_init                               0x08001e09   Thumb Code    52  delay.o(.text)
    delay_ms                                 0x08001e3d   Thumb Code    56  delay.o(.text)
    delay_us                                 0x08001e75   Thumb Code    56  delay.o(.text)
    _sys_exit                                0x08001eb5   Thumb Code     4  usart.o(.text)
    fputc                                    0x08001eb9   Thumb Code    32  usart.o(.text)
    uart_init                                0x08001ed9   Thumb Code   152  usart.o(.text)
    NVIC_Configuration                       0x08001f79   Thumb Code    12  sys.o(.text)
    uart2_init                               0x08001f85   Thumb Code   156  usart2.o(.text)
    UART2_send_byte                          0x08002021   Thumb Code    22  usart2.o(.text)
    UART2_Send                               0x08002037   Thumb Code    34  usart2.o(.text)
    USART2_Puts                              0x08002059   Thumb Code    38  usart2.o(.text)
    WriteUart2Buff                           0x0800207f   Thumb Code    32  usart2.o(.text)
    strcmp_str                               0x0800209f   Thumb Code    36  usart2.o(.text)
    UsartRace_Data                           0x080020c3   Thumb Code    30  usart2.o(.text)
    USART2_IRQHandler                        0x080020e1   Thumb Code    38  usart2.o(.text)
    ClearUart2                               0x08002107   Thumb Code    20  usart2.o(.text)
    __scatterload                            0x08002135   Thumb Code    28  init.o(.text)
    __scatterload_rt2                        0x08002135   Thumb Code     0  init.o(.text)
    __scatterload_copy                       0x08002159   Thumb Code    14  handlers.o(i.__scatterload_copy)
    __scatterload_null                       0x08002167   Thumb Code     2  handlers.o(i.__scatterload_null)
    __scatterload_zeroinit                   0x08002169   Thumb Code    14  handlers.o(i.__scatterload_zeroinit)
    Region$$Table$$Base                      0x08002178   Number         0  anon$$obj.o(Region$$Table)
    Region$$Table$$Limit                     0x08002198   Number         0  anon$$obj.o(Region$$Table)
    length                                   0x20000000   Data           1  main.o(.data)
    RxCount                                  0x20000001   Data           1  main.o(.data)
    pre_cnt_rs2                              0x20000002   Data           1  main.o(.data)
    tim2_count                               0x20000003   Data           1  main.o(.data)
    Mk_Usart1All                             0x20000004   Data           1  main.o(.data)
    status                                   0x20000005   Data           1  main.o(.data)
    i                                        0x20000006   Data           1  robot.o(.data)
    RxBuffer                                 0x20000020   Data          15  main.o(.bss)
    __initial_sp                             0x20000230   Data           0  startup_stm32f10x_md.o(STACK)



==============================================================================

Memory Map of the image

  Image Entry point : 0x080000ed

  Load Region LR_IROM1 (Base: 0x08000000, Size: 0x000021b8, Max: 0x00010000, ABSOLUTE)

    Execution Region ER_IROM1 (Base: 0x08000000, Size: 0x00002198, Max: 0x00010000, ABSOLUTE)

    Base Addr    Size         Type   Attr      Idx    E Section Name        Object

    0x08000000   0x000000ec   Data   RO            3    RESET               startup_stm32f10x_md.o
    0x080000ec   0x00000000   Code   RO          355  * .ARM.Collect$$$$00000000  mc_w.l(entry.o)
    0x080000ec   0x00000004   Code   RO          358    .ARM.Collect$$$$00000001  mc_w.l(entry2.o)
    0x080000f0   0x00000004   Code   RO          361    .ARM.Collect$$$$00000004  mc_w.l(entry5.o)
    0x080000f4   0x00000000   Code   RO          363    .ARM.Collect$$$$00000008  mc_w.l(entry7b.o)
    0x080000f4   0x00000000   Code   RO          365    .ARM.Collect$$$$0000000A  mc_w.l(entry8b.o)
    0x080000f4   0x00000008   Code   RO          366    .ARM.Collect$$$$0000000B  mc_w.l(entry9a.o)
    0x080000fc   0x00000000   Code   RO          368    .ARM.Collect$$$$0000000D  mc_w.l(entry10a.o)
    0x080000fc   0x00000000   Code   RO          370    .ARM.Collect$$$$0000000F  mc_w.l(entry11a.o)
    0x080000fc   0x00000004   Code   RO          359    .ARM.Collect$$$$00002712  mc_w.l(entry2.o)
    0x08000100   0x0000001c   Code   RO            4    .text               startup_stm32f10x_md.o
    0x0800011c   0x000000d0   Code   RO           10    .text               main.o
    0x080001ec   0x0000001a   Code   RO           98    .text               stm32f10x_it.o
    0x08000206   0x00000002   PAD
    0x08000208   0x00000198   Code   RO          113    .text               timer.o
    0x080003a0   0x0000024c   Code   RO          143    .text               robot.o
    0x080005ec   0x000000dc   Code   RO          158    .text               misc.o
    0x080006c8   0x00000bc6   Code   RO          170    .text               stm32f10x_tim.o
    0x0800128e   0x00000002   PAD
    0x08001290   0x00000330   Code   RO          182    .text               stm32f10x_gpio.o
    0x080015c0   0x000003a0   Code   RO          194    .text               stm32f10x_rcc.o
    0x08001960   0x00000370   Code   RO          220    .text               stm32f10x_usart.o
    0x08001cd0   0x00000138   Code   RO          266    .text               system_stm32f10x.o
    0x08001e08   0x000000ac   Code   RO          284    .text               delay.o
    0x08001eb4   0x000000c4   Code   RO          298    .text               usart.o
    0x08001f78   0x0000000c   Code   RO          318    .text               sys.o
    0x08001f84   0x000001b0   Code   RO          342    .text               usart2.o
    0x08002134   0x00000024   Code   RO          372    .text               mc_w.l(init.o)
    0x08002158   0x0000000e   Code   RO          376    i.__scatterload_copy  mc_w.l(handlers.o)
    0x08002166   0x00000002   Code   RO          377    i.__scatterload_null  mc_w.l(handlers.o)
    0x08002168   0x0000000e   Code   RO          378    i.__scatterload_zeroinit  mc_w.l(handlers.o)
    0x08002176   0x00000002   PAD
    0x08002178   0x00000020   Data   RO          374    Region$$Table       anon$$obj.o


    Execution Region RW_IRAM1 (Base: 0x20000000, Size: 0x00000230, Max: 0x00005000, ABSOLUTE)

    Base Addr    Size         Type   Attr      Idx    E Section Name        Object

    0x20000000   0x00000006   Data   RW           12    .data               main.o
    0x20000006   0x00000001   Data   RW          144    .data               robot.o
    0x20000007   0x00000014   Data   RW          195    .data               stm32f10x_rcc.o
    0x2000001b   0x00000001   PAD
    0x2000001c   0x00000004   Data   RW          285    .data               delay.o
    0x20000020   0x0000000f   Zero   RW           11    .bss                main.o
    0x2000002f   0x00000001   PAD
    0x20000030   0x00000200   Zero   RW            1    STACK               startup_stm32f10x_md.o


==============================================================================

Image component sizes


      Code (inc. data)   RO Data    RW Data    ZI Data      Debug   Object Name

       172          8          0          4          0       1023   delay.o
       208         22          0          6         15     250564   main.o
       220         22          0          0          0       1689   misc.o
       588          4          0          1          0       1026   robot.o
        28          4        236          0        512        812   startup_stm32f10x_md.o
       816         18          0          0          0       5147   stm32f10x_gpio.o
        26          0          0          0          0       1158   stm32f10x_it.o
       928         36          0         20          0       8756   stm32f10x_rcc.o
      3014         16          0          0          0      24468   stm32f10x_tim.o
       880         12          0          0          0       7771   stm32f10x_usart.o
        12          0          0          0          0        421   sys.o
       312         16          0          0          0       1117   system_stm32f10x.o
       408         14          0          0          0       1682   timer.o
       196          8          0          0          0       2611   usart.o
       432         26          0          0          0       2636   usart2.o

    ----------------------------------------------------------------------
      8244        206        268         32        528     310881   Object Totals
         0          0         32          0          0          0   (incl. Generated)
         4          0          0          1          1          0   (incl. Padding)

    ----------------------------------------------------------------------

      Code (inc. data)   RO Data    RW Data    ZI Data      Debug   Library Member Name

         0          0          0          0          0          0   entry.o
         0          0          0          0          0          0   entry10a.o
         0          0          0          0          0          0   entry11a.o
         8          4          0          0          0          0   entry2.o
         4          0          0          0          0          0   entry5.o
         0          0          0          0          0          0   entry7b.o
         0          0          0          0          0          0   entry8b.o
         8          4          0          0          0          0   entry9a.o
        30          0          0          0          0          0   handlers.o
        36          8          0          0          0         68   init.o

    ----------------------------------------------------------------------
        88         16          0          0          0         68   Library Totals
         2          0          0          0          0          0   (incl. Padding)

    ----------------------------------------------------------------------

      Code (inc. data)   RO Data    RW Data    ZI Data      Debug   Library Name

        86         16          0          0          0         68   mc_w.l

    ----------------------------------------------------------------------
        88         16          0          0          0         68   Library Totals

    ----------------------------------------------------------------------

==============================================================================


      Code (inc. data)   RO Data    RW Data    ZI Data      Debug   

      8332        222        268         32        528     309957   Grand Totals
      8332        222        268         32        528     309957   ELF Image Totals
      8332        222        268         32          0          0   ROM Totals

==============================================================================

    Total RO  Size (Code + RO Data)                 8600 (   8.40kB)
    Total RW  Size (RW Data + ZI Data)               560 (   0.55kB)
    Total ROM Size (Code + RO Data + RW Data)       8632 (   8.43kB)

==============================================================================

