Component: ARM Compiler 5.06 (build 20) Tool: armlink [4d35a3]

==============================================================================

Section Cross References

    startup_stm32f10x_md.o(RESET) refers to startup_stm32f10x_md.o(STACK) for __initial_sp
    startup_stm32f10x_md.o(RESET) refers to startup_stm32f10x_md.o(.text) for Reset_Handler
    startup_stm32f10x_md.o(RESET) refers to stm32f10x_it.o(.text) for NMI_Handler
    startup_stm32f10x_md.o(RESET) refers to main.o(.text) for TIM2_IRQHandler
    startup_stm32f10x_md.o(RESET) refers to usart2.o(.text) for USART2_IRQHandler
    startup_stm32f10x_md.o(.text) refers to entry.o(.ARM.Collect$$$$00000000) for __main
    main.o(.text) refers to system_stm32f10x.o(.text) for SystemInit
    main.o(.text) refers to delay.o(.text) for delay_init
    main.o(.text) refers to sys.o(.text) for NVIC_Configuration
    main.o(.text) refers to usart.o(.text) for uart_init
    main.o(.text) refers to usart2.o(.text) for uart2_init
    main.o(.text) refers to timer.o(.text) for TIM2_Int_Init
    main.o(.text) refers to robot.o(.text) for step1
    main.o(.text) refers to stm32f10x_tim.o(.text) for TIM_GetITStatus
    main.o(.text) refers to main.o(.data) for status
    timer.o(.text) refers to stm32f10x_rcc.o(.text) for RCC_APB1PeriphClockCmd
    timer.o(.text) refers to stm32f10x_tim.o(.text) for TIM_TimeBaseInit
    timer.o(.text) refers to misc.o(.text) for NVIC_Init
    timer.o(.text) refers to stm32f10x_gpio.o(.text) for GPIO_Init
    watchdog.o(.text) refers to stm32f10x_iwdg.o(.text) for IWDG_WriteAccessCmd
    robot.o(.text) refers to timer.o(.text) for Servo4
    robot.o(.text) refers to delay.o(.text) for delay_ms
    robot.o(.text) refers to robot.o(.data) for i
    stm32f10x_tim.o(.text) refers to stm32f10x_rcc.o(.text) for RCC_APB2PeriphResetCmd
    stm32f10x_gpio.o(.text) refers to stm32f10x_rcc.o(.text) for RCC_APB2PeriphResetCmd
    stm32f10x_rcc.o(.text) refers to stm32f10x_rcc.o(.data) for APBAHBPrescTable
    stm32f10x_usart.o(.text) refers to stm32f10x_rcc.o(.text) for RCC_APB2PeriphResetCmd
    delay.o(.text) refers to misc.o(.text) for SysTick_CLKSourceConfig
    delay.o(.text) refers to delay.o(.data) for fac_us
    usart.o(.text) refers to stm32f10x_usart.o(.text) for USART_SendData
    usart.o(.text) refers to stm32f10x_rcc.o(.text) for RCC_APB2PeriphClockCmd
    usart.o(.text) refers to stm32f10x_gpio.o(.text) for GPIO_Init
    usart.o(.text) refers to misc.o(.text) for NVIC_Init
    sys.o(.text) refers to misc.o(.text) for NVIC_PriorityGroupConfig
    usart2.o(.text) refers to stm32f10x_rcc.o(.text) for RCC_APB2PeriphClockCmd
    usart2.o(.text) refers to stm32f10x_gpio.o(.text) for GPIO_Init
    usart2.o(.text) refers to misc.o(.text) for NVIC_Init
    usart2.o(.text) refers to stm32f10x_usart.o(.text) for USART_Init
    usart2.o(.text) refers to main.o(.bss) for RxBuffer
    usart2.o(.text) refers to main.o(.data) for RxCount
    entry.o(.ARM.Collect$$$$00000000) refers (Special) to entry10a.o(.ARM.Collect$$$$0000000D) for __rt_final_cpp
    entry.o(.ARM.Collect$$$$00000000) refers (Special) to entry11a.o(.ARM.Collect$$$$0000000F) for __rt_final_exit
    entry.o(.ARM.Collect$$$$00000000) refers (Special) to entry7b.o(.ARM.Collect$$$$00000008) for _main_clock
    entry.o(.ARM.Collect$$$$00000000) refers (Special) to entry8b.o(.ARM.Collect$$$$0000000A) for _main_cpp_init
    entry.o(.ARM.Collect$$$$00000000) refers (Special) to entry9a.o(.ARM.Collect$$$$0000000B) for _main_init
    entry.o(.ARM.Collect$$$$00000000) refers (Special) to entry5.o(.ARM.Collect$$$$00000004) for _main_scatterload
    entry.o(.ARM.Collect$$$$00000000) refers (Special) to entry2.o(.ARM.Collect$$$$00000001) for _main_stk
    entry2.o(.ARM.Collect$$$$00000001) refers to entry2.o(.ARM.Collect$$$$00002712) for __lit__00000000
    entry2.o(.ARM.Collect$$$$00002712) refers to startup_stm32f10x_md.o(STACK) for __initial_sp
    entry2.o(__vectab_stack_and_reset_area) refers to startup_stm32f10x_md.o(STACK) for __initial_sp
    entry2.o(__vectab_stack_and_reset_area) refers to entry.o(.ARM.Collect$$$$00000000) for __main
    entry5.o(.ARM.Collect$$$$00000004) refers to init.o(.text) for __scatterload
    entry9a.o(.ARM.Collect$$$$0000000B) refers to main.o(.text) for main
    entry9b.o(.ARM.Collect$$$$0000000C) refers to main.o(.text) for main
    init.o(.text) refers to entry5.o(.ARM.Collect$$$$00000004) for __main_after_scatterload


==============================================================================

Removing Unused input sections from the image.

    Removing startup_stm32f10x_md.o(HEAP), (0 bytes).
    Removing watchdog.o(.text), (42 bytes).
    Removing stm32f10x_flash.o(.text), (1324 bytes).
    Removing stm32f10x_exti.o(.text), (320 bytes).
    Removing stm32f10x_iwdg.o(.text), (64 bytes).
    Removing core_cm3.o(.emb_text), (32 bytes).
    Removing system_stm32f10x.o(.constdata), (20 bytes).
    Removing usart.o(.bss), (64 bytes).
    Removing usart.o(.data), (5 bytes).

9 unused section(s) (total 1871 bytes) removed from the image.

==============================================================================

Image Symbol Table

    Local Symbols

    Symbol Name                              Value     Ov Type        Size  Object(Section)

    ../clib/microlib/init/entry.s            0x00000000   Number         0  entry2.o ABSOLUTE
    ../clib/microlib/init/entry.s            0x00000000   Number         0  entry5.o ABSOLUTE
    ../clib/microlib/init/entry.s            0x00000000   Number         0  entry7a.o ABSOLUTE
    ../clib/microlib/init/entry.s            0x00000000   Number         0  entry7b.o ABSOLUTE
    ../clib/microlib/init/entry.s            0x00000000   Number         0  entry8a.o ABSOLUTE
    ../clib/microlib/init/entry.s            0x00000000   Number         0  entry8b.o ABSOLUTE
    ../clib/microlib/init/entry.s            0x00000000   Number         0  entry11b.o ABSOLUTE
    ../clib/microlib/init/entry.s            0x00000000   Number         0  entry11a.o ABSOLUTE
    ../clib/microlib/init/entry.s            0x00000000   Number         0  entry9a.o ABSOLUTE
    ../clib/microlib/init/entry.s            0x00000000   Number         0  entry10b.o ABSOLUTE
    ../clib/microlib/init/entry.s            0x00000000   Number         0  entry10a.o ABSOLUTE
    ../clib/microlib/init/entry.s            0x00000000   Number         0  entry9b.o ABSOLUTE
    ../clib/microlib/init/entry.s            0x00000000   Number         0  entry.o ABSOLUTE
    ../clib/microlib/stubs.s                 0x00000000   Number         0  useno.o ABSOLUTE
    ..\CMSIS\core_cm3.c                      0x00000000   Number         0  core_cm3.o ABSOLUTE
    ..\CMSIS\startup\startup_stm32f10x_md.s  0x00000000   Number         0  startup_stm32f10x_md.o ABSOLUTE
    ..\CMSIS\system_stm32f10x.c              0x00000000   Number         0  system_stm32f10x.o ABSOLUTE
    ..\FWlib\src\misc.c                      0x00000000   Number         0  misc.o ABSOLUTE
    ..\FWlib\src\stm32f10x_exti.c            0x00000000   Number         0  stm32f10x_exti.o ABSOLUTE
    ..\FWlib\src\stm32f10x_flash.c           0x00000000   Number         0  stm32f10x_flash.o ABSOLUTE
    ..\FWlib\src\stm32f10x_gpio.c            0x00000000   Number         0  stm32f10x_gpio.o ABSOLUTE
    ..\FWlib\src\stm32f10x_iwdg.c            0x00000000   Number         0  stm32f10x_iwdg.o ABSOLUTE
    ..\FWlib\src\stm32f10x_rcc.c             0x00000000   Number         0  stm32f10x_rcc.o ABSOLUTE
    ..\FWlib\src\stm32f10x_tim.c             0x00000000   Number         0  stm32f10x_tim.o ABSOLUTE
    ..\FWlib\src\stm32f10x_usart.c           0x00000000   Number         0  stm32f10x_usart.o ABSOLUTE
    ..\SYSTEM\delay\delay.c                  0x00000000   Number         0  delay.o ABSOLUTE
    ..\SYSTEM\seek\seek.c                    0x00000000   Number         0  seek.o ABSOLUTE
    ..\SYSTEM\sys\sys.c                      0x00000000   Number         0  sys.o ABSOLUTE
    ..\SYSTEM\usart\usart.c                  0x00000000   Number         0  usart.o ABSOLUTE
    ..\SYSTEM\usart\usart2.c                 0x00000000   Number         0  usart2.o ABSOLUTE
    ..\\CMSIS\\core_cm3.c                    0x00000000   Number         0  core_cm3.o ABSOLUTE
    dc.s                                     0x00000000   Number         0  dc.o ABSOLUTE
    handlers.s                               0x00000000   Number         0  handlers.o ABSOLUTE
    init.s                                   0x00000000   Number         0  init.o ABSOLUTE
    main.c                                   0x00000000   Number         0  main.o ABSOLUTE
    robot.c                                  0x00000000   Number         0  robot.o ABSOLUTE
    stm32f10x_it.c                           0x00000000   Number         0  stm32f10x_it.o ABSOLUTE
    timer.c                                  0x00000000   Number         0  timer.o ABSOLUTE
    watchdog.c                               0x00000000   Number         0  watchdog.o ABSOLUTE
    RESET                                    0x08000000   Section      236  startup_stm32f10x_md.o(RESET)
    .ARM.Collect$$$$00000000                 0x080000ec   Section        0  entry.o(.ARM.Collect$$$$00000000)
    .ARM.Collect$$$$00000001                 0x080000ec   Section        4  entry2.o(.ARM.Collect$$$$00000001)
    .ARM.Collect$$$$00000004                 0x080000f0   Section        4  entry5.o(.ARM.Collect$$$$00000004)
    .ARM.Collect$$$$00000008                 0x080000f4   Section        0  entry7b.o(.ARM.Collect$$$$00000008)
    .ARM.Collect$$$$0000000A                 0x080000f4   Section        0  entry8b.o(.ARM.Collect$$$$0000000A)
    .ARM.Collect$$$$0000000B                 0x080000f4   Section        8  entry9a.o(.ARM.Collect$$$$0000000B)
    .ARM.Collect$$$$0000000D                 0x080000fc   Section        0  entry10a.o(.ARM.Collect$$$$0000000D)
    .ARM.Collect$$$$0000000F                 0x080000fc   Section        0  entry11a.o(.ARM.Collect$$$$0000000F)
    .ARM.Collect$$$$00002712                 0x080000fc   Section        4  entry2.o(.ARM.Collect$$$$00002712)
    __lit__00000000                          0x080000fc   Data           4  entry2.o(.ARM.Collect$$$$00002712)
    .text                                    0x08000100   Section       28  startup_stm32f10x_md.o(.text)
    .text                                    0x0800011c   Section        0  main.o(.text)
    .text                                    0x080001fc   Section        0  stm32f10x_it.o(.text)
    .text                                    0x08000218   Section        0  timer.o(.text)
    .text                                    0x080003b0   Section        0  robot.o(.text)
    .text                                    0x080006b8   Section        0  misc.o(.text)
    .text                                    0x08000794   Section        0  stm32f10x_tim.o(.text)
    TI4_Config                               0x08000ab3   Thumb Code    82  stm32f10x_tim.o(.text)
    TI3_Config                               0x08000b17   Thumb Code    72  stm32f10x_tim.o(.text)
    TI2_Config                               0x08000b89   Thumb Code    80  stm32f10x_tim.o(.text)
    TI1_Config                               0x08000beb   Thumb Code    56  stm32f10x_tim.o(.text)
    .text                                    0x0800135c   Section        0  stm32f10x_gpio.o(.text)
    .text                                    0x0800168c   Section        0  stm32f10x_rcc.o(.text)
    .text                                    0x08001a2c   Section        0  stm32f10x_usart.o(.text)
    .text                                    0x08001d9c   Section        0  system_stm32f10x.o(.text)
    SetSysClockTo72                          0x08001d9d   Thumb Code   220  system_stm32f10x.o(.text)
    SetSysClock                              0x08001e79   Thumb Code     8  system_stm32f10x.o(.text)
    .text                                    0x08001ed4   Section        0  delay.o(.text)
    .text                                    0x08001f80   Section        0  usart.o(.text)
    .text                                    0x08002044   Section        0  sys.o(.text)
    .text                                    0x08002050   Section        0  usart2.o(.text)
    .text                                    0x08002200   Section       36  init.o(.text)
    i.__scatterload_copy                     0x08002224   Section       14  handlers.o(i.__scatterload_copy)
    i.__scatterload_null                     0x08002232   Section        2  handlers.o(i.__scatterload_null)
    i.__scatterload_zeroinit                 0x08002234   Section       14  handlers.o(i.__scatterload_zeroinit)
    .data                                    0x20000000   Section        6  main.o(.data)
    .data                                    0x20000006   Section        2  robot.o(.data)
    .data                                    0x20000008   Section       20  stm32f10x_rcc.o(.data)
    APBAHBPrescTable                         0x20000008   Data          16  stm32f10x_rcc.o(.data)
    ADCPrescTable                            0x20000018   Data           4  stm32f10x_rcc.o(.data)
    .data                                    0x2000001c   Section        4  delay.o(.data)
    fac_us                                   0x2000001c   Data           1  delay.o(.data)
    fac_ms                                   0x2000001e   Data           2  delay.o(.data)
    .bss                                     0x20000020   Section       15  main.o(.bss)
    STACK                                    0x20000030   Section      512  startup_stm32f10x_md.o(STACK)

    Global Symbols

    Symbol Name                              Value     Ov Type        Size  Object(Section)

    BuildAttributes$$THM_ISAv4$P$D$K$B$S$PE$A:L22UL41UL21$X:L11$S22US41US21$IEEE1$IW$USESV6$~STKCKD$USESV7$~SHL$OSPACE$EBA8$MICROLIB$REQ8$PRES8$EABIv2 0x00000000   Number         0  anon$$obj.o ABSOLUTE
    __ARM_use_no_argv                        0x00000000   Number         0  main.o ABSOLUTE
    __use_no_errno                           0x00000000   Number         0  useno.o ABSOLUTE
    __use_no_exception_handling              0x00000000   Number         0  useno.o ABSOLUTE
    __use_no_fp                              0x00000000   Number         0  useno.o ABSOLUTE
    __use_no_heap                            0x00000000   Number         0  useno.o ABSOLUTE
    __use_no_heap_region                     0x00000000   Number         0  useno.o ABSOLUTE
    __use_no_semihosting                     0x00000000   Number         0  useno.o ABSOLUTE
    __use_no_semihosting_swi                 0x00000000   Number         0  useno.o ABSOLUTE
    __use_no_signal_handling                 0x00000000   Number         0  useno.o ABSOLUTE
    __cpp_initialize__aeabi_                  - Undefined Weak Reference
    __cxa_finalize                            - Undefined Weak Reference
    __decompress                              - Undefined Weak Reference
    _clock_init                               - Undefined Weak Reference
    _microlib_exit                            - Undefined Weak Reference
    __Vectors_Size                           0x000000ec   Number         0  startup_stm32f10x_md.o ABSOLUTE
    __Vectors                                0x08000000   Data           4  startup_stm32f10x_md.o(RESET)
    __Vectors_End                            0x080000ec   Data           0  startup_stm32f10x_md.o(RESET)
    __main                                   0x080000ed   Thumb Code     0  entry.o(.ARM.Collect$$$$00000000)
    _main_stk                                0x080000ed   Thumb Code     0  entry2.o(.ARM.Collect$$$$00000001)
    _main_scatterload                        0x080000f1   Thumb Code     0  entry5.o(.ARM.Collect$$$$00000004)
    __main_after_scatterload                 0x080000f5   Thumb Code     0  entry5.o(.ARM.Collect$$$$00000004)
    _main_clock                              0x080000f5   Thumb Code     0  entry7b.o(.ARM.Collect$$$$00000008)
    _main_cpp_init                           0x080000f5   Thumb Code     0  entry8b.o(.ARM.Collect$$$$0000000A)
    _main_init                               0x080000f5   Thumb Code     0  entry9a.o(.ARM.Collect$$$$0000000B)
    __rt_final_cpp                           0x080000fd   Thumb Code     0  entry10a.o(.ARM.Collect$$$$0000000D)
    __rt_final_exit                          0x080000fd   Thumb Code     0  entry11a.o(.ARM.Collect$$$$0000000F)
    Reset_Handler                            0x08000101   Thumb Code     4  startup_stm32f10x_md.o(.text)
    ADC1_2_IRQHandler                        0x08000117   Thumb Code     0  startup_stm32f10x_md.o(.text)
    CAN1_RX1_IRQHandler                      0x08000117   Thumb Code     0  startup_stm32f10x_md.o(.text)
    CAN1_SCE_IRQHandler                      0x08000117   Thumb Code     0  startup_stm32f10x_md.o(.text)
    DMA1_Channel1_IRQHandler                 0x08000117   Thumb Code     0  startup_stm32f10x_md.o(.text)
    DMA1_Channel2_IRQHandler                 0x08000117   Thumb Code     0  startup_stm32f10x_md.o(.text)
    DMA1_Channel3_IRQHandler                 0x08000117   Thumb Code     0  startup_stm32f10x_md.o(.text)
    DMA1_Channel4_IRQHandler                 0x08000117   Thumb Code     0  startup_stm32f10x_md.o(.text)
    DMA1_Channel5_IRQHandler                 0x08000117   Thumb Code     0  startup_stm32f10x_md.o(.text)
    DMA1_Channel6_IRQHandler                 0x08000117   Thumb Code     0  startup_stm32f10x_md.o(.text)
    DMA1_Channel7_IRQHandler                 0x08000117   Thumb Code     0  startup_stm32f10x_md.o(.text)
    EXTI0_IRQHandler                         0x08000117   Thumb Code     0  startup_stm32f10x_md.o(.text)
    EXTI15_10_IRQHandler                     0x08000117   Thumb Code     0  startup_stm32f10x_md.o(.text)
    EXTI1_IRQHandler                         0x08000117   Thumb Code     0  startup_stm32f10x_md.o(.text)
    EXTI2_IRQHandler                         0x08000117   Thumb Code     0  startup_stm32f10x_md.o(.text)
    EXTI3_IRQHandler                         0x08000117   Thumb Code     0  startup_stm32f10x_md.o(.text)
    EXTI4_IRQHandler                         0x08000117   Thumb Code     0  startup_stm32f10x_md.o(.text)
    EXTI9_5_IRQHandler                       0x08000117   Thumb Code     0  startup_stm32f10x_md.o(.text)
    FLASH_IRQHandler                         0x08000117   Thumb Code     0  startup_stm32f10x_md.o(.text)
    I2C1_ER_IRQHandler                       0x08000117   Thumb Code     0  startup_stm32f10x_md.o(.text)
    I2C1_EV_IRQHandler                       0x08000117   Thumb Code     0  startup_stm32f10x_md.o(.text)
    I2C2_ER_IRQHandler                       0x08000117   Thumb Code     0  startup_stm32f10x_md.o(.text)
    I2C2_EV_IRQHandler                       0x08000117   Thumb Code     0  startup_stm32f10x_md.o(.text)
    PVD_IRQHandler                           0x08000117   Thumb Code     0  startup_stm32f10x_md.o(.text)
    RCC_IRQHandler                           0x08000117   Thumb Code     0  startup_stm32f10x_md.o(.text)
    RTCAlarm_IRQHandler                      0x08000117   Thumb Code     0  startup_stm32f10x_md.o(.text)
    RTC_IRQHandler                           0x08000117   Thumb Code     0  startup_stm32f10x_md.o(.text)
    SPI1_IRQHandler                          0x08000117   Thumb Code     0  startup_stm32f10x_md.o(.text)
    SPI2_IRQHandler                          0x08000117   Thumb Code     0  startup_stm32f10x_md.o(.text)
    TAMPER_IRQHandler                        0x08000117   Thumb Code     0  startup_stm32f10x_md.o(.text)
    TIM1_BRK_IRQHandler                      0x08000117   Thumb Code     0  startup_stm32f10x_md.o(.text)
    TIM1_CC_IRQHandler                       0x08000117   Thumb Code     0  startup_stm32f10x_md.o(.text)
    TIM1_TRG_COM_IRQHandler                  0x08000117   Thumb Code     0  startup_stm32f10x_md.o(.text)
    TIM1_UP_IRQHandler                       0x08000117   Thumb Code     0  startup_stm32f10x_md.o(.text)
    TIM3_IRQHandler                          0x08000117   Thumb Code     0  startup_stm32f10x_md.o(.text)
    TIM4_IRQHandler                          0x08000117   Thumb Code     0  startup_stm32f10x_md.o(.text)
    USART1_IRQHandler                        0x08000117   Thumb Code     0  startup_stm32f10x_md.o(.text)
    USART3_IRQHandler                        0x08000117   Thumb Code     0  startup_stm32f10x_md.o(.text)
    USBWakeUp_IRQHandler                     0x08000117   Thumb Code     0  startup_stm32f10x_md.o(.text)
    USB_HP_CAN1_TX_IRQHandler                0x08000117   Thumb Code     0  startup_stm32f10x_md.o(.text)
    USB_LP_CAN1_RX0_IRQHandler               0x08000117   Thumb Code     0  startup_stm32f10x_md.o(.text)
    WWDG_IRQHandler                          0x08000117   Thumb Code     0  startup_stm32f10x_md.o(.text)
    main                                     0x0800011d   Thumb Code   114  main.o(.text)
    TIM2_IRQHandler                          0x0800018f   Thumb Code    88  main.o(.text)
    NMI_Handler                              0x080001fd   Thumb Code     2  stm32f10x_it.o(.text)
    HardFault_Handler                        0x080001ff   Thumb Code     4  stm32f10x_it.o(.text)
    MemManage_Handler                        0x08000203   Thumb Code     4  stm32f10x_it.o(.text)
    BusFault_Handler                         0x08000207   Thumb Code     4  stm32f10x_it.o(.text)
    UsageFault_Handler                       0x0800020b   Thumb Code     4  stm32f10x_it.o(.text)
    SVC_Handler                              0x0800020f   Thumb Code     2  stm32f10x_it.o(.text)
    DebugMon_Handler                         0x08000211   Thumb Code     2  stm32f10x_it.o(.text)
    PendSV_Handler                           0x08000213   Thumb Code     2  stm32f10x_it.o(.text)
    SysTick_Handler                          0x08000215   Thumb Code     2  stm32f10x_it.o(.text)
    TIM2_Int_Init                            0x08000219   Thumb Code    92  timer.o(.text)
    TIM3_PWM_Init                            0x08000275   Thumb Code   246  timer.o(.text)
    Servo1                                   0x0800036b   Thumb Code    14  timer.o(.text)
    Servo2                                   0x08000379   Thumb Code    14  timer.o(.text)
    Servo3                                   0x08000387   Thumb Code    14  timer.o(.text)
    Servo4                                   0x08000395   Thumb Code    14  timer.o(.text)
    step1                                    0x080003b1   Thumb Code   264  robot.o(.text)
    step2                                    0x080004b9   Thumb Code   252  robot.o(.text)
    step3                                    0x080005b5   Thumb Code   252  robot.o(.text)
    NVIC_PriorityGroupConfig                 0x080006b9   Thumb Code    10  misc.o(.text)
    NVIC_Init                                0x080006c3   Thumb Code   100  misc.o(.text)
    NVIC_SetVectorTable                      0x08000727   Thumb Code    14  misc.o(.text)
    NVIC_SystemLPConfig                      0x08000735   Thumb Code    34  misc.o(.text)
    SysTick_CLKSourceConfig                  0x08000757   Thumb Code    40  misc.o(.text)
    TIM_DeInit                               0x08000795   Thumb Code   214  stm32f10x_tim.o(.text)
    TIM_TimeBaseInit                         0x0800086b   Thumb Code    50  stm32f10x_tim.o(.text)
    TIM_OC1Init                              0x0800089d   Thumb Code   110  stm32f10x_tim.o(.text)
    TIM_OC2Init                              0x0800090b   Thumb Code   148  stm32f10x_tim.o(.text)
    TIM_OC3Init                              0x0800099f   Thumb Code   144  stm32f10x_tim.o(.text)
    TIM_OC4Init                              0x08000a2f   Thumb Code   106  stm32f10x_tim.o(.text)
    TIM_SetIC4Prescaler                      0x08000a99   Thumb Code    26  stm32f10x_tim.o(.text)
    TIM_SetIC3Prescaler                      0x08000b05   Thumb Code    18  stm32f10x_tim.o(.text)
    TIM_SetIC2Prescaler                      0x08000b5f   Thumb Code    42  stm32f10x_tim.o(.text)
    TIM_SetIC1Prescaler                      0x08000bd9   Thumb Code    18  stm32f10x_tim.o(.text)
    TIM_ICInit                               0x08000c23   Thumb Code   110  stm32f10x_tim.o(.text)
    TIM_PWMIConfig                           0x08000c91   Thumb Code   124  stm32f10x_tim.o(.text)
    TIM_BDTRConfig                           0x08000d0d   Thumb Code    32  stm32f10x_tim.o(.text)
    TIM_TimeBaseStructInit                   0x08000d2d   Thumb Code    18  stm32f10x_tim.o(.text)
    TIM_OCStructInit                         0x08000d3f   Thumb Code    20  stm32f10x_tim.o(.text)
    TIM_ICStructInit                         0x08000d53   Thumb Code    18  stm32f10x_tim.o(.text)
    TIM_BDTRStructInit                       0x08000d65   Thumb Code    18  stm32f10x_tim.o(.text)
    TIM_Cmd                                  0x08000d77   Thumb Code    24  stm32f10x_tim.o(.text)
    TIM_CtrlPWMOutputs                       0x08000d8f   Thumb Code    30  stm32f10x_tim.o(.text)
    TIM_ITConfig                             0x08000dad   Thumb Code    18  stm32f10x_tim.o(.text)
    TIM_GenerateEvent                        0x08000dbf   Thumb Code     4  stm32f10x_tim.o(.text)
    TIM_DMAConfig                            0x08000dc3   Thumb Code    10  stm32f10x_tim.o(.text)
    TIM_DMACmd                               0x08000dcd   Thumb Code    18  stm32f10x_tim.o(.text)
    TIM_InternalClockConfig                  0x08000ddf   Thumb Code    12  stm32f10x_tim.o(.text)
    TIM_SelectInputTrigger                   0x08000deb   Thumb Code    18  stm32f10x_tim.o(.text)
    TIM_ITRxExternalClockConfig              0x08000dfd   Thumb Code    24  stm32f10x_tim.o(.text)
    TIM_TIxExternalClockConfig               0x08000e15   Thumb Code    62  stm32f10x_tim.o(.text)
    TIM_ETRConfig                            0x08000e53   Thumb Code    30  stm32f10x_tim.o(.text)
    TIM_ETRClockMode1Config                  0x08000e71   Thumb Code    54  stm32f10x_tim.o(.text)
    TIM_ETRClockMode2Config                  0x08000ea7   Thumb Code    32  stm32f10x_tim.o(.text)
    TIM_PrescalerConfig                      0x08000ec7   Thumb Code     6  stm32f10x_tim.o(.text)
    TIM_CounterModeConfig                    0x08000ecd   Thumb Code    18  stm32f10x_tim.o(.text)
    TIM_EncoderInterfaceConfig               0x08000edf   Thumb Code    66  stm32f10x_tim.o(.text)
    TIM_ForcedOC1Config                      0x08000f21   Thumb Code    18  stm32f10x_tim.o(.text)
    TIM_ForcedOC2Config                      0x08000f33   Thumb Code    26  stm32f10x_tim.o(.text)
    TIM_ForcedOC3Config                      0x08000f4d   Thumb Code    18  stm32f10x_tim.o(.text)
    TIM_ForcedOC4Config                      0x08000f5f   Thumb Code    26  stm32f10x_tim.o(.text)
    TIM_ARRPreloadConfig                     0x08000f79   Thumb Code    24  stm32f10x_tim.o(.text)
    TIM_SelectCOM                            0x08000f91   Thumb Code    24  stm32f10x_tim.o(.text)
    TIM_SelectCCDMA                          0x08000fa9   Thumb Code    24  stm32f10x_tim.o(.text)
    TIM_CCPreloadControl                     0x08000fc1   Thumb Code    24  stm32f10x_tim.o(.text)
    TIM_OC1PreloadConfig                     0x08000fd9   Thumb Code    18  stm32f10x_tim.o(.text)
    TIM_OC2PreloadConfig                     0x08000feb   Thumb Code    26  stm32f10x_tim.o(.text)
    TIM_OC3PreloadConfig                     0x08001005   Thumb Code    18  stm32f10x_tim.o(.text)
    TIM_OC4PreloadConfig                     0x08001017   Thumb Code    26  stm32f10x_tim.o(.text)
    TIM_OC1FastConfig                        0x08001031   Thumb Code    18  stm32f10x_tim.o(.text)
    TIM_OC2FastConfig                        0x08001043   Thumb Code    26  stm32f10x_tim.o(.text)
    TIM_OC3FastConfig                        0x0800105d   Thumb Code    18  stm32f10x_tim.o(.text)
    TIM_OC4FastConfig                        0x0800106f   Thumb Code    26  stm32f10x_tim.o(.text)
    TIM_ClearOC1Ref                          0x08001089   Thumb Code    18  stm32f10x_tim.o(.text)
    TIM_ClearOC2Ref                          0x0800109b   Thumb Code    24  stm32f10x_tim.o(.text)
    TIM_ClearOC3Ref                          0x080010b3   Thumb Code    18  stm32f10x_tim.o(.text)
    TIM_ClearOC4Ref                          0x080010c5   Thumb Code    24  stm32f10x_tim.o(.text)
    TIM_OC1PolarityConfig                    0x080010dd   Thumb Code    18  stm32f10x_tim.o(.text)
    TIM_OC1NPolarityConfig                   0x080010ef   Thumb Code    18  stm32f10x_tim.o(.text)
    TIM_OC2PolarityConfig                    0x08001101   Thumb Code    26  stm32f10x_tim.o(.text)
    TIM_OC2NPolarityConfig                   0x0800111b   Thumb Code    26  stm32f10x_tim.o(.text)
    TIM_OC3PolarityConfig                    0x08001135   Thumb Code    26  stm32f10x_tim.o(.text)
    TIM_OC3NPolarityConfig                   0x0800114f   Thumb Code    26  stm32f10x_tim.o(.text)
    TIM_OC4PolarityConfig                    0x08001169   Thumb Code    26  stm32f10x_tim.o(.text)
    TIM_CCxCmd                               0x08001183   Thumb Code    26  stm32f10x_tim.o(.text)
    TIM_CCxNCmd                              0x0800119d   Thumb Code    26  stm32f10x_tim.o(.text)
    TIM_SelectOCxM                           0x080011b7   Thumb Code   134  stm32f10x_tim.o(.text)
    TIM_UpdateDisableConfig                  0x0800123d   Thumb Code    24  stm32f10x_tim.o(.text)
    TIM_UpdateRequestConfig                  0x08001255   Thumb Code    24  stm32f10x_tim.o(.text)
    TIM_SelectHallSensor                     0x0800126d   Thumb Code    24  stm32f10x_tim.o(.text)
    TIM_SelectOnePulseMode                   0x08001285   Thumb Code    18  stm32f10x_tim.o(.text)
    TIM_SelectOutputTrigger                  0x08001297   Thumb Code    18  stm32f10x_tim.o(.text)
    TIM_SelectSlaveMode                      0x080012a9   Thumb Code    18  stm32f10x_tim.o(.text)
    TIM_SelectMasterSlaveMode                0x080012bb   Thumb Code    18  stm32f10x_tim.o(.text)
    TIM_SetCounter                           0x080012cd   Thumb Code     4  stm32f10x_tim.o(.text)
    TIM_SetAutoreload                        0x080012d1   Thumb Code     4  stm32f10x_tim.o(.text)
    TIM_SetCompare1                          0x080012d5   Thumb Code     4  stm32f10x_tim.o(.text)
    TIM_SetCompare2                          0x080012d9   Thumb Code     4  stm32f10x_tim.o(.text)
    TIM_SetCompare3                          0x080012dd   Thumb Code     4  stm32f10x_tim.o(.text)
    TIM_SetCompare4                          0x080012e1   Thumb Code     6  stm32f10x_tim.o(.text)
    TIM_SetClockDivision                     0x080012e7   Thumb Code    14  stm32f10x_tim.o(.text)
    TIM_GetCapture1                          0x080012f5   Thumb Code     6  stm32f10x_tim.o(.text)
    TIM_GetCapture2                          0x080012fb   Thumb Code     6  stm32f10x_tim.o(.text)
    TIM_GetCapture3                          0x08001301   Thumb Code     6  stm32f10x_tim.o(.text)
    TIM_GetCapture4                          0x08001307   Thumb Code     8  stm32f10x_tim.o(.text)
    TIM_GetCounter                           0x0800130f   Thumb Code     6  stm32f10x_tim.o(.text)
    TIM_GetPrescaler                         0x08001315   Thumb Code     6  stm32f10x_tim.o(.text)
    TIM_GetFlagStatus                        0x0800131b   Thumb Code    18  stm32f10x_tim.o(.text)
    TIM_ClearFlag                            0x0800132d   Thumb Code     6  stm32f10x_tim.o(.text)
    TIM_GetITStatus                          0x08001333   Thumb Code    34  stm32f10x_tim.o(.text)
    TIM_ClearITPendingBit                    0x08001355   Thumb Code     6  stm32f10x_tim.o(.text)
    GPIO_DeInit                              0x0800135d   Thumb Code   188  stm32f10x_gpio.o(.text)
    GPIO_AFIODeInit                          0x08001419   Thumb Code    20  stm32f10x_gpio.o(.text)
    GPIO_Init                                0x0800142d   Thumb Code   278  stm32f10x_gpio.o(.text)
    GPIO_StructInit                          0x08001543   Thumb Code    16  stm32f10x_gpio.o(.text)
    GPIO_ReadInputDataBit                    0x08001553   Thumb Code    18  stm32f10x_gpio.o(.text)
    GPIO_ReadInputData                       0x08001565   Thumb Code     8  stm32f10x_gpio.o(.text)
    GPIO_ReadOutputDataBit                   0x0800156d   Thumb Code    18  stm32f10x_gpio.o(.text)
    GPIO_ReadOutputData                      0x0800157f   Thumb Code     8  stm32f10x_gpio.o(.text)
    GPIO_SetBits                             0x08001587   Thumb Code     4  stm32f10x_gpio.o(.text)
    GPIO_ResetBits                           0x0800158b   Thumb Code     4  stm32f10x_gpio.o(.text)
    GPIO_WriteBit                            0x0800158f   Thumb Code    10  stm32f10x_gpio.o(.text)
    GPIO_Write                               0x08001599   Thumb Code     4  stm32f10x_gpio.o(.text)
    GPIO_PinLockConfig                       0x0800159d   Thumb Code    18  stm32f10x_gpio.o(.text)
    GPIO_EventOutputConfig                   0x080015af   Thumb Code    26  stm32f10x_gpio.o(.text)
    GPIO_EventOutputCmd                      0x080015c9   Thumb Code     6  stm32f10x_gpio.o(.text)
    GPIO_PinRemapConfig                      0x080015cf   Thumb Code   106  stm32f10x_gpio.o(.text)
    GPIO_EXTILineConfig                      0x08001639   Thumb Code    66  stm32f10x_gpio.o(.text)
    RCC_DeInit                               0x0800168d   Thumb Code    62  stm32f10x_rcc.o(.text)
    RCC_HSEConfig                            0x080016cb   Thumb Code    70  stm32f10x_rcc.o(.text)
    RCC_GetFlagStatus                        0x08001711   Thumb Code    56  stm32f10x_rcc.o(.text)
    RCC_WaitForHSEStartUp                    0x08001749   Thumb Code    54  stm32f10x_rcc.o(.text)
    RCC_AdjustHSICalibrationValue            0x0800177f   Thumb Code    20  stm32f10x_rcc.o(.text)
    RCC_HSICmd                               0x08001793   Thumb Code     6  stm32f10x_rcc.o(.text)
    RCC_PLLConfig                            0x08001799   Thumb Code    24  stm32f10x_rcc.o(.text)
    RCC_PLLCmd                               0x080017b1   Thumb Code     6  stm32f10x_rcc.o(.text)
    RCC_SYSCLKConfig                         0x080017b7   Thumb Code    18  stm32f10x_rcc.o(.text)
    RCC_GetSYSCLKSource                      0x080017c9   Thumb Code    10  stm32f10x_rcc.o(.text)
    RCC_HCLKConfig                           0x080017d3   Thumb Code    18  stm32f10x_rcc.o(.text)
    RCC_PCLK1Config                          0x080017e5   Thumb Code    18  stm32f10x_rcc.o(.text)
    RCC_PCLK2Config                          0x080017f7   Thumb Code    20  stm32f10x_rcc.o(.text)
    RCC_ITConfig                             0x0800180b   Thumb Code    26  stm32f10x_rcc.o(.text)
    RCC_USBCLKConfig                         0x08001825   Thumb Code     8  stm32f10x_rcc.o(.text)
    RCC_ADCCLKConfig                         0x0800182d   Thumb Code    18  stm32f10x_rcc.o(.text)
    RCC_LSEConfig                            0x0800183f   Thumb Code    50  stm32f10x_rcc.o(.text)
    RCC_LSICmd                               0x08001871   Thumb Code     6  stm32f10x_rcc.o(.text)
    RCC_RTCCLKConfig                         0x08001877   Thumb Code    12  stm32f10x_rcc.o(.text)
    RCC_RTCCLKCmd                            0x08001883   Thumb Code     8  stm32f10x_rcc.o(.text)
    RCC_GetClocksFreq                        0x0800188b   Thumb Code   192  stm32f10x_rcc.o(.text)
    RCC_AHBPeriphClockCmd                    0x0800194b   Thumb Code    26  stm32f10x_rcc.o(.text)
    RCC_APB2PeriphClockCmd                   0x08001965   Thumb Code    26  stm32f10x_rcc.o(.text)
    RCC_APB1PeriphClockCmd                   0x0800197f   Thumb Code    26  stm32f10x_rcc.o(.text)
    RCC_APB2PeriphResetCmd                   0x08001999   Thumb Code    26  stm32f10x_rcc.o(.text)
    RCC_APB1PeriphResetCmd                   0x080019b3   Thumb Code    26  stm32f10x_rcc.o(.text)
    RCC_BackupResetCmd                       0x080019cd   Thumb Code     8  stm32f10x_rcc.o(.text)
    RCC_ClockSecuritySystemCmd               0x080019d5   Thumb Code     6  stm32f10x_rcc.o(.text)
    RCC_MCOConfig                            0x080019db   Thumb Code     6  stm32f10x_rcc.o(.text)
    RCC_ClearFlag                            0x080019e1   Thumb Code    14  stm32f10x_rcc.o(.text)
    RCC_GetITStatus                          0x080019ef   Thumb Code    20  stm32f10x_rcc.o(.text)
    RCC_ClearITPendingBit                    0x08001a03   Thumb Code     6  stm32f10x_rcc.o(.text)
    USART_DeInit                             0x08001a2d   Thumb Code   146  stm32f10x_usart.o(.text)
    USART_Init                               0x08001abf   Thumb Code   150  stm32f10x_usart.o(.text)
    USART_StructInit                         0x08001b55   Thumb Code    24  stm32f10x_usart.o(.text)
    USART_ClockInit                          0x08001b6d   Thumb Code    34  stm32f10x_usart.o(.text)
    USART_ClockStructInit                    0x08001b8f   Thumb Code    12  stm32f10x_usart.o(.text)
    USART_Cmd                                0x08001b9b   Thumb Code    24  stm32f10x_usart.o(.text)
    USART_ITConfig                           0x08001bb3   Thumb Code    64  stm32f10x_usart.o(.text)
    USART_DMACmd                             0x08001bf3   Thumb Code    18  stm32f10x_usart.o(.text)
    USART_SetAddress                         0x08001c05   Thumb Code    18  stm32f10x_usart.o(.text)
    USART_WakeUpConfig                       0x08001c17   Thumb Code    18  stm32f10x_usart.o(.text)
    USART_ReceiverWakeUpCmd                  0x08001c29   Thumb Code    24  stm32f10x_usart.o(.text)
    USART_LINBreakDetectLengthConfig         0x08001c41   Thumb Code    18  stm32f10x_usart.o(.text)
    USART_LINCmd                             0x08001c53   Thumb Code    24  stm32f10x_usart.o(.text)
    USART_SendData                           0x08001c6b   Thumb Code     8  stm32f10x_usart.o(.text)
    USART_ReceiveData                        0x08001c73   Thumb Code    10  stm32f10x_usart.o(.text)
    USART_SendBreak                          0x08001c7d   Thumb Code    10  stm32f10x_usart.o(.text)
    USART_SetGuardTime                       0x08001c87   Thumb Code    16  stm32f10x_usart.o(.text)
    USART_SetPrescaler                       0x08001c97   Thumb Code    16  stm32f10x_usart.o(.text)
    USART_SmartCardCmd                       0x08001ca7   Thumb Code    24  stm32f10x_usart.o(.text)
    USART_SmartCardNACKCmd                   0x08001cbf   Thumb Code    24  stm32f10x_usart.o(.text)
    USART_HalfDuplexCmd                      0x08001cd7   Thumb Code    24  stm32f10x_usart.o(.text)
    USART_IrDAConfig                         0x08001cef   Thumb Code    18  stm32f10x_usart.o(.text)
    USART_IrDACmd                            0x08001d01   Thumb Code    24  stm32f10x_usart.o(.text)
    USART_GetFlagStatus                      0x08001d19   Thumb Code    18  stm32f10x_usart.o(.text)
    USART_ClearFlag                          0x08001d2b   Thumb Code     6  stm32f10x_usart.o(.text)
    USART_GetITStatus                        0x08001d31   Thumb Code    76  stm32f10x_usart.o(.text)
    USART_ClearITPendingBit                  0x08001d7d   Thumb Code    20  stm32f10x_usart.o(.text)
    SystemInit                               0x08001e81   Thumb Code    68  system_stm32f10x.o(.text)
    delay_init                               0x08001ed5   Thumb Code    52  delay.o(.text)
    delay_ms                                 0x08001f09   Thumb Code    56  delay.o(.text)
    delay_us                                 0x08001f41   Thumb Code    56  delay.o(.text)
    _sys_exit                                0x08001f81   Thumb Code     4  usart.o(.text)
    fputc                                    0x08001f85   Thumb Code    32  usart.o(.text)
    uart_init                                0x08001fa5   Thumb Code   152  usart.o(.text)
    NVIC_Configuration                       0x08002045   Thumb Code    12  sys.o(.text)
    uart2_init                               0x08002051   Thumb Code   156  usart2.o(.text)
    UART2_send_byte                          0x080020ed   Thumb Code    22  usart2.o(.text)
    UART2_Send                               0x08002103   Thumb Code    34  usart2.o(.text)
    USART2_Puts                              0x08002125   Thumb Code    38  usart2.o(.text)
    WriteUart2Buff                           0x0800214b   Thumb Code    32  usart2.o(.text)
    strcmp_str                               0x0800216b   Thumb Code    36  usart2.o(.text)
    UsartRace_Data                           0x0800218f   Thumb Code    30  usart2.o(.text)
    USART2_IRQHandler                        0x080021ad   Thumb Code    38  usart2.o(.text)
    ClearUart2                               0x080021d3   Thumb Code    20  usart2.o(.text)
    __scatterload                            0x08002201   Thumb Code    28  init.o(.text)
    __scatterload_rt2                        0x08002201   Thumb Code     0  init.o(.text)
    __scatterload_copy                       0x08002225   Thumb Code    14  handlers.o(i.__scatterload_copy)
    __scatterload_null                       0x08002233   Thumb Code     2  handlers.o(i.__scatterload_null)
    __scatterload_zeroinit                   0x08002235   Thumb Code    14  handlers.o(i.__scatterload_zeroinit)
    Region$$Table$$Base                      0x08002244   Number         0  anon$$obj.o(Region$$Table)
    Region$$Table$$Limit                     0x08002264   Number         0  anon$$obj.o(Region$$Table)
    length                                   0x20000000   Data           1  main.o(.data)
    RxCount                                  0x20000001   Data           1  main.o(.data)
    pre_cnt_rs2                              0x20000002   Data           1  main.o(.data)
    tim2_count                               0x20000003   Data           1  main.o(.data)
    Mk_Usart1All                             0x20000004   Data           1  main.o(.data)
    status                                   0x20000005   Data           1  main.o(.data)
    i                                        0x20000006   Data           1  robot.o(.data)
    zhenzhen                                 0x20000007   Data           1  robot.o(.data)
    RxBuffer                                 0x20000020   Data          15  main.o(.bss)
    __initial_sp                             0x20000230   Data           0  startup_stm32f10x_md.o(STACK)



==============================================================================

Memory Map of the image

  Image Entry point : 0x080000ed

  Load Region LR_IROM1 (Base: 0x08000000, Size: 0x00002284, Max: 0x00010000, ABSOLUTE)

    Execution Region ER_IROM1 (Base: 0x08000000, Size: 0x00002264, Max: 0x00010000, ABSOLUTE)

    Base Addr    Size         Type   Attr      Idx    E Section Name        Object

    0x08000000   0x000000ec   Data   RO            3    RESET               startup_stm32f10x_md.o
    0x080000ec   0x00000000   Code   RO          355  * .ARM.Collect$$$$00000000  mc_w.l(entry.o)
    0x080000ec   0x00000004   Code   RO          358    .ARM.Collect$$$$00000001  mc_w.l(entry2.o)
    0x080000f0   0x00000004   Code   RO          361    .ARM.Collect$$$$00000004  mc_w.l(entry5.o)
    0x080000f4   0x00000000   Code   RO          363    .ARM.Collect$$$$00000008  mc_w.l(entry7b.o)
    0x080000f4   0x00000000   Code   RO          365    .ARM.Collect$$$$0000000A  mc_w.l(entry8b.o)
    0x080000f4   0x00000008   Code   RO          366    .ARM.Collect$$$$0000000B  mc_w.l(entry9a.o)
    0x080000fc   0x00000000   Code   RO          368    .ARM.Collect$$$$0000000D  mc_w.l(entry10a.o)
    0x080000fc   0x00000000   Code   RO          370    .ARM.Collect$$$$0000000F  mc_w.l(entry11a.o)
    0x080000fc   0x00000004   Code   RO          359    .ARM.Collect$$$$00002712  mc_w.l(entry2.o)
    0x08000100   0x0000001c   Code   RO            4    .text               startup_stm32f10x_md.o
    0x0800011c   0x000000e0   Code   RO           10    .text               main.o
    0x080001fc   0x0000001a   Code   RO           98    .text               stm32f10x_it.o
    0x08000216   0x00000002   PAD
    0x08000218   0x00000198   Code   RO          113    .text               timer.o
    0x080003b0   0x00000308   Code   RO          143    .text               robot.o
    0x080006b8   0x000000dc   Code   RO          158    .text               misc.o
    0x08000794   0x00000bc6   Code   RO          170    .text               stm32f10x_tim.o
    0x0800135a   0x00000002   PAD
    0x0800135c   0x00000330   Code   RO          182    .text               stm32f10x_gpio.o
    0x0800168c   0x000003a0   Code   RO          194    .text               stm32f10x_rcc.o
    0x08001a2c   0x00000370   Code   RO          220    .text               stm32f10x_usart.o
    0x08001d9c   0x00000138   Code   RO          266    .text               system_stm32f10x.o
    0x08001ed4   0x000000ac   Code   RO          284    .text               delay.o
    0x08001f80   0x000000c4   Code   RO          298    .text               usart.o
    0x08002044   0x0000000c   Code   RO          318    .text               sys.o
    0x08002050   0x000001b0   Code   RO          342    .text               usart2.o
    0x08002200   0x00000024   Code   RO          372    .text               mc_w.l(init.o)
    0x08002224   0x0000000e   Code   RO          376    i.__scatterload_copy  mc_w.l(handlers.o)
    0x08002232   0x00000002   Code   RO          377    i.__scatterload_null  mc_w.l(handlers.o)
    0x08002234   0x0000000e   Code   RO          378    i.__scatterload_zeroinit  mc_w.l(handlers.o)
    0x08002242   0x00000002   PAD
    0x08002244   0x00000020   Data   RO          374    Region$$Table       anon$$obj.o


    Execution Region RW_IRAM1 (Base: 0x20000000, Size: 0x00000230, Max: 0x00005000, ABSOLUTE)

    Base Addr    Size         Type   Attr      Idx    E Section Name        Object

    0x20000000   0x00000006   Data   RW           12    .data               main.o
    0x20000006   0x00000002   Data   RW          144    .data               robot.o
    0x20000008   0x00000014   Data   RW          195    .data               stm32f10x_rcc.o
    0x2000001c   0x00000004   Data   RW          285    .data               delay.o
    0x20000020   0x0000000f   Zero   RW           11    .bss                main.o
    0x2000002f   0x00000001   PAD
    0x20000030   0x00000200   Zero   RW            1    STACK               startup_stm32f10x_md.o


==============================================================================

Image component sizes


      Code (inc. data)   RO Data    RW Data    ZI Data      Debug   Object Name

       172          8          0          4          0       1031   delay.o
       224         22          0          6         15     250628   main.o
       220         22          0          0          0       1697   misc.o
       776          8          0          2          0       1265   robot.o
        28          4        236          0        512        816   startup_stm32f10x_md.o
       816         18          0          0          0       5155   stm32f10x_gpio.o
        26          0          0          0          0       1162   stm32f10x_it.o
       928         36          0         20          0       8772   stm32f10x_rcc.o
      3014         16          0          0          0      24476   stm32f10x_tim.o
       880         12          0          0          0       7787   stm32f10x_usart.o
        12          0          0          0          0        425   sys.o
       312         16          0          0          0       1129   system_stm32f10x.o
       408         14          0          0          0       1686   timer.o
       196          8          0          0          0       2619   usart.o
       432         26          0          0          0       2644   usart2.o

    ----------------------------------------------------------------------
      8448        210        268         32        528     311292   Object Totals
         0          0         32          0          0          0   (incl. Generated)
         4          0          0          0          1          0   (incl. Padding)

    ----------------------------------------------------------------------

      Code (inc. data)   RO Data    RW Data    ZI Data      Debug   Library Member Name

         0          0          0          0          0          0   entry.o
         0          0          0          0          0          0   entry10a.o
         0          0          0          0          0          0   entry11a.o
         8          4          0          0          0          0   entry2.o
         4          0          0          0          0          0   entry5.o
         0          0          0          0          0          0   entry7b.o
         0          0          0          0          0          0   entry8b.o
         8          4          0          0          0          0   entry9a.o
        30          0          0          0          0          0   handlers.o
        36          8          0          0          0         68   init.o

    ----------------------------------------------------------------------
        88         16          0          0          0         68   Library Totals
         2          0          0          0          0          0   (incl. Padding)

    ----------------------------------------------------------------------

      Code (inc. data)   RO Data    RW Data    ZI Data      Debug   Library Name

        86         16          0          0          0         68   mc_w.l

    ----------------------------------------------------------------------
        88         16          0          0          0         68   Library Totals

    ----------------------------------------------------------------------

==============================================================================


      Code (inc. data)   RO Data    RW Data    ZI Data      Debug   

      8536        226        268         32        528     310368   Grand Totals
      8536        226        268         32        528     310368   ELF Image Totals
      8536        226        268         32          0          0   ROM Totals

==============================================================================

    Total RO  Size (Code + RO Data)                 8804 (   8.60kB)
    Total RW  Size (RW Data + ZI Data)               560 (   0.55kB)
    Total ROM Size (Code + RO Data + RW Data)       8836 (   8.63kB)

==============================================================================

