<html>
<body>
<pre>
<h1>µVision Build Log</h1>
<h2>Tool Versions:</h2>
IDE-Version: ¦ÌVision V5.16a
Copyright (C) 2015 ARM Ltd and ARM Germany GmbH. All rights reserved.
License Information: yulin wang, 777, LIC=2TTNN-YVRJV-TKGB9-4RSIC-M13VL-10PCM
 
Tool Versions:
Toolchain:       MDK-ARM Professional  Version: 5.16a
Toolchain Path:  D:\keil\ARM\ARMCC\Bin
C Compiler:      Armcc.exe V5.06 (build 20)
Assembler:       Armasm.exe V5.06 (build 20)
Linker/Locator:  ArmLink.exe V5.06 (build 20)
Library Manager: ArmAr.exe V5.06 (build 20)
Hex Converter:   FromElf.exe V5.06 (build 20)
CPU DLL:         SARMCM3.DLL V5.16a
Dialog DLL:      DARMSTM.DLL V1.65.0.0
Target DLL:      Segger\JL2CM3.dll V2.99.15.2
Dialog DLL:      TARMSTM.DLL V1.64.0.0
 
<h2>Project:</h2>
G:\Robot-Biped\USER\TIM3_PWM.uvprojx
Project File Date:  11/07/2017

<h2>Output:</h2>
*** Using Compiler 'V5.06 (build 20)', folder: 'D:\keil\ARM\ARMCC\Bin'
Build target 'TIM3_PWM'
compiling main.c...
linking...
Program Size: Code=10668 RO-data=268 RW-data=60 ZI-data=532  
FromELF: creating hex file...
"..\Output\TIM3_PWM.axf" - 0 Error(s), 0 Warning(s).

<h2>Software Packages used:</h2>

Package Vendor: ARM
                http://www.keil.com/pack/ARM.CMSIS.4.4.0.pack
                ARM::CMSIS:CORE:4.2.0
                CMSIS (Cortex Microcontroller Software Interface Standard)
   * Component: CORE Version: 4.2.0

<h2>Collection of Component include folders:</h2>
  G:\Robot-Biped\USER\RTE
  D:\keil\ARM\PACK\ARM\CMSIS\4.4.0\CMSIS\Include
  D:\keil\ARM\PACK\Keil\STM32F1xx_DFP\2.0.0\Device\Include

<h2>Collection of Component Files used:</h2>

   * Component: ARM::CMSIS:CORE:4.2.0
Build Time Elapsed:  00:00:01
</pre>
</body>
</html>
